Archive member included to satisfy reference by file (symbol)

cpu/br36/liba/cpu.a(crc16.c.o)
                              obj/Release/cpu/br36/setup.o (symbol from plugin) (__crc16_mutex_init)
cpu/br36/liba/cpu.a(uart.c.o)
                              obj/Release/apps/common/audio/wm8978/iic.o (symbol from plugin) (delay)
cpu/br36/liba/cpu.a(clock.c.o)
                              obj/Release/cpu/br36/setup.o (symbol from plugin) (clock_dump)
cpu/br36/liba/cpu.a(gpio.c.o)
                              obj/Release/apps/common/device/usb/usb_config.o (symbol from plugin) (usb_iomode)
cpu/br36/liba/cpu.a(timer.c.o)
                              obj/Release/apps/earphone/app_main.o (symbol from plugin) (timer_get_ms)
cpu/br36/liba/cpu.a(wdt.c.o)  obj/Release/apps/common/update/update.o (symbol from plugin) (wdt_clear)
cpu/br36/liba/cpu.a(efuse.c.o)
                              obj/Release/cpu/br36/charge.o (symbol from plugin) (get_vbat_trim)
cpu/br36/liba/cpu.a(encryption.c.o)
                              obj/Release/apps/common/config/new_cfg_tool.o (symbol from plugin) (doe)
cpu/br36/liba/cpu.a(debug.c.o)
                              obj/Release/apps/common/config/new_cfg_tool.o (symbol from plugin) (ram_protect_close)
cpu/br36/liba/cpu.a(usb.c.o)  obj/Release/apps/common/device/usb/device/usb_device.o (symbol from plugin) (usb_sof_clr_pnd)
cpu/br36/liba/cpu.a(vm.c.o)   obj/Release/apps/common/config/new_cfg_tool.o (symbol from plugin) (norflash_read)
cpu/br36/liba/cpu.a(vm_api.c.o)
                              obj/Release/apps/common/music/breakpoint.o (symbol from plugin) (vm_api_write_mult)
cpu/br36/liba/cpu.a(p33.c.o)  obj/Release/cpu/br36/adc_api.o (symbol from plugin) (adc_pmu_ch_select)
cpu/br36/liba/cpu.a(power_trim.c.o)
                              obj/Release/cpu/br36/adc_api.o (symbol from plugin) (get_wvdd_trim_level)
cpu/br36/liba/cpu.a(power_hw.c.o)
                              power_trim.c.o (symbol from plugin) (get_reset_source_value)
cpu/br36/liba/cpu.a(power_wakeup.c.o)
                              power_hw.c.o (symbol from plugin) (p33_wakeup_irq_handler)
cpu/br36/liba/cpu.a(rtc.c.o)  power_hw.c.o (symbol from plugin) (rtc_wakup_source)
cpu/br36/liba/cpu.a(port.c.o)
                              obj/Release/apps/earphone/board/br36/board_ac700n_demo.o (symbol from plugin) (spi_get_port)
cpu/br36/liba/cpu.a(basic_funt.c.o)
                              power_hw.c.o (symbol from plugin) (lp_timeout_dump)
cpu/br36/liba/cpu.a(power_sfc.c.o)
                              power_hw.c.o (symbol from plugin) (hw_flash_pwr_en)
cpu/br36/liba/cpu.a(chargestore.c.o)
                              obj/Release/apps/earphone/board/br36/board_ac700n_demo.o (symbol from plugin) (chargestore_ldo5v_fall_deal)
cpu/br36/liba/cpu.a(otg.c.o)  obj/Release/apps/common/device/usb/usb_config.o (symbol from plugin) (usb_otg_suspend)
cpu/br36/liba/cpu.a(usb_phy.c.o)
                              obj/Release/apps/common/device/usb/usb_config.o (symbol from plugin) (usb_read_sofframe)
cpu/br36/liba/cpu.a(usb_setup.c.o)
                              obj/Release/apps/common/device/usb/usb_config.o (symbol from plugin) (usb_device2id)
cpu/br36/liba/cpu.a(descriptor.c.o)
                              usb_setup.c.o (symbol from plugin) (get_device_descriptor)
cpu/br36/liba/cpu.a(kugou_protocol.c.o)
                              obj/Release/apps/common/device/usb/device/kugou/kugou_info.o (symbol from plugin) (kg_info_register)
cpu/br36/liba/cpu.a(startup.S.o)
                              (_start)
cpu/br36/liba/cpu.a(hw_pmu_api.c.o)
                              power_hw.c.o (symbol from plugin) (hw_dcdc13_on)
cpu/br36/liba/cpu.a(lp_timer_hw.c.o)
                              power_hw.c.o (symbol from plugin) (__lp_timer_dump)
cpu/br36/liba/cpu.a(lrc_hw.c.o)
                              power_hw.c.o (symbol from plugin) (__get_lrc_hz)
cpu/br36/liba/system.a(app_core.c.o)
                              obj/Release/apps/earphone/app_main.o (symbol from plugin) (start_app)
cpu/br36/liba/system.a(ASCII_lib.c.o)
                              obj/Release/apps/common/audio/decode/audio_key_tone.o (symbol from plugin) (ASCII_StrCmpNoCase)
cpu/br36/liba/system.a(circular_buf.c.o)
                              obj/Release/apps/common/device/gSensor/gSensor_manage.o (symbol from plugin) (cbuf_read)
cpu/br36/liba/system.a(syscfg_api.c.o)
                              obj/Release/apps/common/third_party_profile/tuya_protocol/port/tuya_ble_port_JL.o (symbol from plugin) (syscfg_read)
cpu/br36/liba/system.a(config_interface.c.o)
                              obj/Release/apps/common/config/app_config.o (symbol from plugin) (config_layer_init)
cpu/br36/liba/system.a(sbrk.c.o)
                              obj/Release/cpu/br36/setup.o (symbol from plugin) (memory_init)
cpu/br36/liba/system.a(bank_switch.c.o)
[...]
Memory Configuration

Name             Origin             Length             Attributes
code0            0x01e00100         0x00100000         xr
ram0             0x00000000         0x0002bb60         xrw
*default*        0x00000000         0xffffffff

Linker script and memory map

LOAD obj/Release/apps/common/audio/amplitude_statistic.o
LOAD cpu\br36\tools\sdk.elf.o
LOAD obj/Release/apps/common/audio/audio_demo.o
LOAD obj/Release/apps/common/audio/audio_dvol.o
LOAD obj/Release/apps/common/audio/audio_export_demo.o
LOAD obj/Release/apps/common/audio/audio_noise_gate.o
LOAD obj/Release/apps/common/audio/audio_ns.o
LOAD obj/Release/apps/common/audio/audio_plc.o
LOAD obj/Release/apps/common/audio/decode/audio_key_tone.o
LOAD obj/Release/apps/common/audio/decode/decode.o
LOAD obj/Release/apps/common/audio/online_debug/aud_mic_dut.o
LOAD obj/Release/apps/common/audio/online_debug/audio_online_debug.o
LOAD obj/Release/apps/common/audio/sine_make.o
LOAD obj/Release/apps/common/audio/uartPcmSender.o
LOAD obj/Release/apps/common/audio/wm8978/iic.o
LOAD obj/Release/apps/common/audio/wm8978/wm8978.o
LOAD obj/Release/apps/common/cJSON/cJSON.o
LOAD obj/Release/apps/common/config/app_config.o
LOAD obj/Release/apps/common/config/bt_profile_config.o
LOAD obj/Release/apps/common/config/ci_transport_uart.o
LOAD obj/Release/apps/common/config/new_cfg_tool.o
LOAD obj/Release/apps/common/debug/debug.o
LOAD obj/Release/apps/common/debug/debug_lite.o
LOAD obj/Release/apps/common/dev_manager/dev_manager.o
LOAD obj/Release/apps/common/dev_manager/dev_reg.o
LOAD obj/Release/apps/common/dev_manager/dev_update.o
LOAD obj/Release/apps/common/device/gSensor/da230.o
LOAD obj/Release/apps/common/device/gSensor/gSensor_manage.o
LOAD obj/Release/apps/common/device/gSensor/SC7A20.o
LOAD obj/Release/apps/common/device/gSensor/STK8321.o
LOAD obj/Release/apps/common/device/gx8002_npu/gx8002_enc/gx8002_enc.o
LOAD obj/Release/apps/common/device/gx8002_npu/gx8002_npu.o
LOAD obj/Release/apps/common/device/gx8002_npu/gx8002_npu_event_deal.o
LOAD obj/Release/apps/common/device/gx8002_npu/gx8002_upgrade/app_upgrade/gx_uart_upgrade_app.o
LOAD obj/Release/apps/common/device/gx8002_npu/gx8002_upgrade/app_upgrade/gx_uart_upgrade_tws.o
LOAD obj/Release/apps/common/device/gx8002_npu/gx8002_upgrade/gx_uart_upgrade.o
LOAD obj/Release/apps/common/device/gx8002_npu/gx8002_upgrade/gx_uart_upgrade_porting.o
LOAD obj/Release/apps/common/device/gx8002_npu/gx8002_upgrade/sdfile_upgrade/gx_uart_upgrade_sdfile.o
LOAD obj/Release/apps/common/device/gx8002_npu/gx8002_upgrade/spp_upgrade/gx_fifo.o
LOAD obj/Release/apps/common/device/gx8002_npu/gx8002_upgrade/spp_upgrade/gx_uart_upgrade_spp.o
LOAD obj/Release/apps/common/device/in_ear_detect/in_ear_detect.o
LOAD obj/Release/apps/common/device/in_ear_detect/in_ear_manage.o
LOAD obj/Release/apps/common/device/ir_sensor/ir_manage.o
LOAD obj/Release/apps/common/device/ir_sensor/jsa1221.o
LOAD obj/Release/apps/common/device/key/adkey.o
LOAD obj/Release/apps/common/device/key/adkey_rtcvdd.o
LOAD obj/Release/apps/common/device/key/ctmu_touch_key.o
LOAD obj/Release/apps/common/device/key/iokey.o
LOAD obj/Release/apps/common/device/key/irkey.o
LOAD obj/Release/apps/common/device/key/key_driver.o
LOAD obj/Release/apps/common/device/key/touch_key.o
LOAD obj/Release/apps/common/device/key/uart_key.o
LOAD obj/Release/apps/common/device/norflash/norflash.o
LOAD obj/Release/apps/common/device/ntc/ntc_det.o
LOAD obj/Release/apps/common/device/usb/device/cdc.o
LOAD obj/Release/apps/common/device/usb/device/descriptor.o
LOAD obj/Release/apps/common/device/usb/device/hid.o
LOAD obj/Release/apps/common/device/usb/device/kugou/kugou_info.o
LOAD obj/Release/apps/common/device/usb/device/msd.o
LOAD obj/Release/apps/common/device/usb/device/msd_upgrade.o
LOAD obj/Release/apps/common/device/usb/device/task_pc.o
LOAD obj/Release/apps/common/device/usb/device/uac1.o
LOAD obj/Release/apps/common/device/usb/device/uac_stream.o
LOAD obj/Release/apps/common/device/usb/device/usb_device.o
LOAD obj/Release/apps/common/device/usb/device/user_setup.o
LOAD obj/Release/apps/common/device/usb/host/adb.o
LOAD obj/Release/apps/common/device/usb/host/aoa.o
LOAD obj/Release/apps/common/device/usb/host/audio.o
LOAD obj/Release/apps/common/device/usb/host/audio_demo.o
LOAD obj/Release/apps/common/device/usb/host/hid.o
LOAD obj/Release/apps/common/device/usb/host/usb_bulk_transfer.o
LOAD obj/Release/apps/common/device/usb/host/usb_ctrl_transfer.o
LOAD obj/Release/apps/common/device/usb/host/usb_host.o
LOAD obj/Release/apps/common/device/usb/host/usb_storage.o
LOAD obj/Release/apps/common/device/usb/usb_config.o
LOAD obj/Release/apps/common/device/usb/usb_host_config.o
LOAD obj/Release/apps/common/file_operate/file_bs_deal.o
LOAD obj/Release/apps/common/file_operate/file_manager.o
LOAD obj/Release/apps/common/jl_kws/jl_kws_algo.o
LOAD obj/Release/apps/common/jl_kws/jl_kws_audio.o
LOAD obj/Release/apps/common/jl_kws/jl_kws_event.o
LOAD obj/Release/apps/common/jl_kws/jl_kws_main.o
LOAD obj/Release/apps/common/music/breakpoint.o
LOAD obj/Release/apps/common/music/music_decrypt.o
LOAD obj/Release/apps/common/music/music_id3.o
LOAD obj/Release/apps/common/music/music_player.o
LOAD obj/Release/apps/common/temp_trim/dtemp_pll_trim.o
LOAD obj/Release/apps/common/third_party_profile/common/3th_profile_api.o
LOAD obj/Release/apps/common/third_party_profile/common/custom_cfg.o
LOAD obj/Release/apps/common/third_party_profile/common/mic_rec.o
LOAD obj/Release/apps/common/third_party_profile/interface/app_protocol_api.o
LOAD obj/Release/apps/common/third_party_profile/interface/app_protocol_common.o
LOAD obj/Release/apps/common/third_party_profile/interface/app_protocol_dma.o
LOAD obj/Release/apps/common/third_party_profile/interface/app_protocol_gma.o
LOAD obj/Release/apps/common/third_party_profile/interface/app_protocol_mma.o
LOAD obj/Release/apps/common/third_party_profile/interface/app_protocol_ota.o
LOAD obj/Release/apps/common/third_party_profile/interface/app_protocol_tme.o
LOAD obj/Release/apps/common/third_party_profile/interface/dma_use_lib/dma_le_port.o
LOAD obj/Release/apps/common/third_party_profile/interface/dma_use_lib/dma_setting.o
LOAD obj/Release/apps/common/third_party_profile/interface/dma_use_lib/dma_spp_port.o
LOAD obj/Release/apps/common/third_party_profile/interface/dma_use_lib/platform_template.o
LOAD obj/Release/apps/common/third_party_profile/jieli/JL_rcsp/adv_app_browser/adv_app_browser.o
LOAD obj/Release/apps/common/third_party_profile/jieli/JL_rcsp/adv_app_setting/adv_anc_voice.o
LOAD obj/Release/apps/common/third_party_profile/jieli/JL_rcsp/adv_app_setting/adv_anc_voice_key.o
LOAD obj/Release/apps/common/third_party_profile/jieli/JL_rcsp/adv_app_setting/adv_bt_name_setting.o
LOAD obj/Release/apps/common/third_party_profile/jieli/JL_rcsp/adv_app_setting/adv_eq_setting.o
LOAD obj/Release/apps/common/third_party_profile/jieli/JL_rcsp/adv_app_setting/adv_hearing_aid_setting.o
LOAD obj/Release/apps/common/third_party_profile/jieli/JL_rcsp/adv_app_setting/adv_high_low_vol_setting.o
LOAD obj/Release/apps/common/third_party_profile/jieli/JL_rcsp/adv_app_setting/adv_key_setting.o
LOAD obj/Release/apps/common/third_party_profile/jieli/JL_rcsp/adv_app_setting/adv_led_setting.o
LOAD obj/Release/apps/common/third_party_profile/jieli/JL_rcsp/adv_app_setting/adv_mic_setting.o
LOAD obj/Release/apps/common/third_party_profile/jieli/JL_rcsp/adv_app_setting/adv_music_info_setting.o
LOAD obj/Release/apps/common/third_party_profile/jieli/JL_rcsp/adv_app_setting/adv_time_stamp_setting.o
LOAD obj/Release/apps/common/third_party_profile/jieli/JL_rcsp/adv_app_setting/adv_work_setting.o
LOAD obj/Release/apps/common/third_party_profile/jieli/JL_rcsp/adv_rcsp_protocol/rcsp_adv_bluetooth.o
LOAD obj/Release/apps/common/third_party_profile/jieli/JL_rcsp/adv_rcsp_protocol/rcsp_adv_customer_user.o
LOAD obj/Release/apps/common/third_party_profile/jieli/JL_rcsp/adv_rcsp_protocol/rcsp_adv_opt.o
LOAD obj/Release/apps/common/third_party_profile/jieli/JL_rcsp/adv_rcsp_protocol/rcsp_adv_tws_sync.o
LOAD obj/Release/apps/common/third_party_profile/jieli/JL_rcsp/bt_trans_data/le_rcsp_adv_module.o
LOAD obj/Release/apps/common/third_party_profile/jieli/JL_rcsp/bt_trans_data/rcsp_adv_spp_user.o
LOAD obj/Release/apps/common/third_party_profile/jieli/JL_rcsp/rcsp_updata/rcsp_adv_user_update.o
LOAD obj/Release/apps/common/third_party_profile/jieli/JL_rcsp/rcsp_updata/rcsp_ch_loader_download.o
LOAD obj/Release/apps/common/third_party_profile/jieli/JL_rcsp/rcsp_updata/rcsp_user_update.o
LOAD obj/Release/apps/common/third_party_profile/jieli/online_db/online_db_deal.o
LOAD obj/Release/apps/common/third_party_profile/jieli/online_db/spp_online_db.o
LOAD obj/Release/apps/common/third_party_profile/jieli/trans_data_demo/le_trans_data.o
LOAD obj/Release/apps/common/third_party_profile/jieli/trans_data_demo/spp_trans_data.o
LOAD obj/Release/apps/common/third_party_profile/jieli/wireless_mic/le_wireless_mic_client.o
LOAD obj/Release/apps/common/third_party_profile/jieli/wireless_mic/le_wireless_mic_server.o
LOAD obj/Release/apps/common/third_party_profile/Tecent_LL/tecent_ll_demo/ll_demo.o
LOAD obj/Release/apps/common/third_party_profile/Tecent_LL/tecent_ll_demo/ll_task.o
LOAD obj/Release/apps/common/third_party_profile/Tecent_LL/tecent_protocol/ble_qiot_import.o
LOAD obj/Release/apps/common/third_party_profile/Tecent_LL/tecent_protocol/ble_qiot_llsync_data.o
LOAD obj/Release/apps/common/third_party_profile/Tecent_LL/tecent_protocol/ble_qiot_llsync_device.o
LOAD obj/Release/apps/common/third_party_profile/Tecent_LL/tecent_protocol/ble_qiot_llsync_event.o
LOAD obj/Release/apps/common/third_party_profile/Tecent_LL/tecent_protocol/ble_qiot_llsync_ota.o
LOAD obj/Release/apps/common/third_party_profile/Tecent_LL/tecent_protocol/ble_qiot_service.o
LOAD obj/Release/apps/common/third_party_profile/Tecent_LL/tecent_protocol/ble_qiot_template.o
LOAD obj/Release/apps/common/third_party_profile/Tecent_LL/tecent_protocol/ble_qiot_utils_base64.o
LOAD obj/Release/apps/common/third_party_profile/Tecent_LL/tecent_protocol/ble_qiot_utils_crc.o
LOAD obj/Release/apps/common/third_party_profile/Tecent_LL/tecent_protocol/ble_qiot_utils_hmac.o
LOAD obj/Release/apps/common/third_party_profile/Tecent_LL/tecent_protocol/ble_qiot_utils_log.o
LOAD obj/Release/apps/common/third_party_profile/Tecent_LL/tecent_protocol/ble_qiot_utils_md5.o
LOAD obj/Release/apps/common/third_party_profile/Tecent_LL/tecent_protocol/ble_qiot_utils_sha1.o
LOAD obj/Release/apps/common/third_party_profile/tuya_protocol/app/demo/tuya_ble_app_demo.o
LOAD obj/Release/apps/common/third_party_profile/tuya_protocol/app/demo/tuya_ota.o
LOAD obj/Release/apps/common/third_party_profile/tuya_protocol/app/product_test/tuya_ble_app_production_test.o
LOAD obj/Release/apps/common/third_party_profile/tuya_protocol/app/uart_common/tuya_ble_app_uart_common_handler.o
LOAD obj/Release/apps/common/third_party_profile/tuya_protocol/extern_components/mbedtls/aes.o
LOAD obj/Release/apps/common/third_party_profile/tuya_protocol/extern_components/mbedtls/ccm.o
LOAD obj/Release/apps/common/third_party_profile/tuya_protocol/extern_components/mbedtls/hmac.o
LOAD obj/Release/apps/common/third_party_profile/tuya_protocol/extern_components/mbedtls/md5.o
LOAD obj/Release/apps/common/third_party_profile/tuya_protocol/extern_components/mbedtls/sha1.o
LOAD obj/Release/apps/common/third_party_profile/tuya_protocol/extern_components/mbedtls/sha256.o
LOAD obj/Release/apps/common/third_party_profile/tuya_protocol/port/tuya_ble_port.o
LOAD obj/Release/apps/common/third_party_profile/tuya_protocol/port/tuya_ble_port_JL.o
LOAD obj/Release/apps/common/third_party_profile/tuya_protocol/port/tuya_ble_port_peripheral.o
LOAD obj/Release/apps/common/third_party_profile/tuya_protocol/sdk/src/tuya_ble_api.o
LOAD obj/Release/apps/common/third_party_profile/tuya_protocol/sdk/src/tuya_ble_bulk_data.o
LOAD obj/Release/apps/common/third_party_profile/tuya_protocol/sdk/src/tuya_ble_data_handler.o
LOAD obj/Release/apps/common/third_party_profile/tuya_protocol/sdk/src/tuya_ble_event.o
LOAD obj/Release/apps/common/third_party_profile/tuya_protocol/sdk/src/tuya_ble_event_handler.o
LOAD obj/Release/apps/common/third_party_profile/tuya_protocol/sdk/src/tuya_ble_event_handler_weak.o
LOAD obj/Release/apps/common/third_party_profile/tuya_protocol/sdk/src/tuya_ble_feature_weather.o
LOAD obj/Release/apps/common/third_party_profile/tuya_protocol/sdk/src/tuya_ble_gatt_send_queue.o
LOAD obj/Release/apps/common/third_party_profile/tuya_protocol/sdk/src/tuya_ble_heap.o
LOAD obj/Release/apps/common/third_party_profile/tuya_protocol/sdk/src/tuya_ble_main.o
LOAD obj/Release/apps/common/third_party_profile/tuya_protocol/sdk/src/tuya_ble_mem.o
LOAD obj/Release/apps/common/third_party_profile/tuya_protocol/sdk/src/tuya_ble_mutli_tsf_protocol.o
LOAD obj/Release/apps/common/third_party_profile/tuya_protocol/sdk/src/tuya_ble_queue.o
LOAD obj/Release/apps/common/third_party_profile/tuya_protocol/sdk/src/tuya_ble_storage.o
LOAD obj/Release/apps/common/third_party_profile/tuya_protocol/sdk/src/tuya_ble_unix_time.o
LOAD obj/Release/apps/common/third_party_profile/tuya_protocol/sdk/src/tuya_ble_utils.o
LOAD obj/Release/apps/common/ui/lcd_simple/lcd_simple_api.o
LOAD obj/Release/apps/common/ui/lcd_simple/ui.o
LOAD obj/Release/apps/common/ui/lcd_simple/ui_mainmenu.o
LOAD obj/Release/apps/common/update/testbox_update.o
LOAD obj/Release/apps/common/update/uart_update.o
LOAD obj/Release/apps/common/update/uart_update_master.o
LOAD obj/Release/apps/common/update/update.o
LOAD obj/Release/apps/common/update/update_tws.o
LOAD obj/Release/apps/common/update/update_tws_new.o
LOAD obj/Release/apps/earphone/aec/br36/audio_aec.o
LOAD obj/Release/apps/earphone/aec/br36/audio_aec_demo.o
LOAD obj/Release/apps/earphone/aec/br36/audio_aec_dms.o
LOAD obj/Release/apps/earphone/aec/br36/audio_aec_online.o
LOAD obj/Release/apps/earphone/aec/br36/audio_cvp_sync.o
LOAD obj/Release/apps/earphone/app_ancbox.o
LOAD obj/Release/apps/earphone/app_anctool.o
LOAD obj/Release/apps/earphone/app_main.o
LOAD obj/Release/apps/earphone/app_protocol_deal.o
LOAD obj/Release/apps/earphone/app_task_switch.o
LOAD obj/Release/apps/earphone/ble_adv.o
LOAD obj/Release/apps/earphone/board/br36/board_ac7003f_demo.o
LOAD obj/Release/apps/earphone/board/br36/board_ac7006f_earphone.o
LOAD obj/Release/apps/earphone/board/br36/board_ac700n_demo.o
LOAD obj/Release/apps/earphone/board/br36/board_ac700n_dms.o
LOAD obj/Release/apps/earphone/board/br36/board_ac700n_hearing_aid.o
LOAD obj/Release/apps/earphone/board/br36/board_ac700n_iis_linein.o
LOAD obj/Release/apps/earphone/board/br36/board_ac700n_sd_pc_demo.o
LOAD obj/Release/apps/earphone/board/br36/dual_pwm_driver.o
LOAD obj/Release/apps/earphone/bt_auto_test.o
LOAD obj/Release/apps/earphone/bt_background.o
LOAD obj/Release/apps/earphone/bt_ble.o
LOAD obj/Release/apps/earphone/bt_tws.o
LOAD obj/Release/apps/earphone/default_event_handler.o
LOAD obj/Release/apps/earphone/earphone.o
LOAD obj/Release/apps/earphone/eartch_event_deal.o
LOAD obj/Release/apps/earphone/font/fontinit.o
LOAD obj/Release/apps/earphone/fs_test.o
LOAD obj/Release/apps/earphone/hearing_aid/hearing_aid.o
LOAD obj/Release/apps/earphone/idle.o
LOAD obj/Release/apps/earphone/key_event_deal.o
LOAD obj/Release/apps/earphone/kws_voice_event_deal.o
LOAD obj/Release/apps/earphone/linein/linein_task.o
LOAD obj/Release/apps/earphone/ll_sync_demo/ll_sync_demo.o
LOAD obj/Release/apps/earphone/log_config/app_config.o
LOAD obj/Release/apps/earphone/log_config/lib_btctrler_config.o
LOAD obj/Release/apps/earphone/log_config/lib_btstack_config.o
LOAD obj/Release/apps/earphone/log_config/lib_driver_config.o
LOAD obj/Release/apps/earphone/log_config/lib_media_config.o
LOAD obj/Release/apps/earphone/log_config/lib_system_config.o
LOAD obj/Release/apps/earphone/log_config/lib_update_config.o
LOAD obj/Release/apps/earphone/music/sd_music.o
LOAD obj/Release/apps/earphone/pbg_demo.o
LOAD obj/Release/apps/earphone/pc/pc.o
LOAD obj/Release/apps/earphone/power_manage/app_charge.o
LOAD obj/Release/apps/earphone/power_manage/app_charge_calibration.o
LOAD obj/Release/apps/earphone/power_manage/app_chargestore.o
LOAD obj/Release/apps/earphone/power_manage/app_power_manage.o
LOAD obj/Release/apps/earphone/rcsp/jl_phone_app.o
LOAD obj/Release/apps/earphone/rcsp/rcsp_adv.o
LOAD obj/Release/apps/earphone/sdk_version.z.o
LOAD obj/Release/apps/earphone/tone_table.o
LOAD obj/Release/apps/earphone/trans_data_demo/trans_data_demo.o
LOAD obj/Release/apps/earphone/tuya/tuya_app.o
LOAD obj/Release/apps/earphone/tuya/tuya_demo.o
LOAD obj/Release/apps/earphone/ui/lcd_simple/my_demo.o
LOAD obj/Release/apps/earphone/ui_manage.o
LOAD obj/Release/apps/earphone/user_cfg.o
LOAD obj/Release/apps/earphone/version.o
LOAD obj/Release/apps/earphone/vol_sync.o
LOAD obj/Release/apps/earphone/wireless_mic/app_main_wireless_mic.o
LOAD obj/Release/apps/earphone/wireless_mic/audio/adapter_adc.o
LOAD obj/Release/apps/earphone/wireless_mic/audio/adapter_media.o
LOAD obj/Release/apps/earphone/wireless_mic/audio/wireless/adapter_wireless_dec.o
LOAD obj/Release/apps/earphone/wireless_mic/audio/wireless/adapter_wireless_enc.o
LOAD obj/Release/apps/earphone/wireless_mic/bt/bt_edr_fun.o
LOAD obj/Release/apps/earphone/wireless_mic/bt/bt_status_event.o
LOAD obj/Release/apps/earphone/wireless_mic/idev/adapter_idev.o
LOAD obj/Release/apps/earphone/wireless_mic/idev/idev_bt/adapter_idev_bt.o
LOAD obj/Release/apps/earphone/wireless_mic/idev/idev_bt/idev_ble/adapter_idev_ble.o
LOAD obj/Release/apps/earphone/wireless_mic/idev/idev_mic/adapter_idev_mic.o
LOAD obj/Release/apps/earphone/wireless_mic/odev/adapter_odev.o
LOAD obj/Release/apps/earphone/wireless_mic/odev/odev_bt/adapter_odev_bt.o
LOAD obj/Release/apps/earphone/wireless_mic/odev/odev_bt/odev_ble/adapter_odev_ble.o
LOAD obj/Release/apps/earphone/wireless_mic/odev/odev_bt/odev_ble/odev_ble_wireless.o
LOAD obj/Release/apps/earphone/wireless_mic/odev/odev_bt/odev_edr/adapter_odev_edr.o
LOAD obj/Release/apps/earphone/wireless_mic/odev/odev_dac/adapter_odev_dac.o
LOAD obj/Release/apps/earphone/wireless_mic/process/adapter_process.o
LOAD obj/Release/cpu/br36/adc_api.o
LOAD obj/Release/cpu/br36/audio/aec_tool.o
LOAD obj/Release/cpu/br36/audio/app_audio.o
LOAD obj/Release/cpu/br36/audio/audio_ad2da_low_latency.o
LOAD obj/Release/cpu/br36/audio/audio_anc.o
LOAD obj/Release/cpu/br36/audio/audio_anc_hearing_aid.o
LOAD obj/Release/cpu/br36/audio/audio_capture.o
LOAD obj/Release/cpu/br36/audio/audio_codec_clock.o
LOAD obj/Release/cpu/br36/audio/audio_dac_digital_volume.o
LOAD obj/Release/cpu/br36/audio/audio_dec.o
LOAD obj/Release/cpu/br36/audio/audio_dec/audio_dec_file.o
LOAD obj/Release/cpu/br36/audio/audio_dec/audio_dec_linein.o
LOAD obj/Release/cpu/br36/audio/audio_dec/audio_dec_pc.o
LOAD obj/Release/cpu/br36/audio/audio_dec/audio_usb_mic.o
LOAD obj/Release/cpu/br36/audio/audio_dec_eff.o
LOAD obj/Release/cpu/br36/audio/audio_demo/audio_adc_demo.o
LOAD obj/Release/cpu/br36/audio/audio_demo/audio_alink_demo.o
LOAD obj/Release/cpu/br36/audio/audio_demo/audio_cvp_demo.o
LOAD obj/Release/cpu/br36/audio/audio_demo/audio_dac_demo.o
LOAD obj/Release/cpu/br36/audio/audio_demo/audio_dac_io_demo.o
LOAD obj/Release/cpu/br36/audio/audio_demo/audio_fft_demo.o
LOAD obj/Release/cpu/br36/audio/audio_demo/audio_linein_demo.o
LOAD obj/Release/cpu/br36/audio/audio_demo/audio_pdm_demo.o
LOAD obj/Release/cpu/br36/audio/audio_demo/audio_wind_detect_demo.o
LOAD obj/Release/cpu/br36/audio/audio_dms_tool.o
LOAD obj/Release/cpu/br36/audio/audio_effect_develop.o
LOAD obj/Release/cpu/br36/audio/audio_enc.o
LOAD obj/Release/cpu/br36/audio/audio_hearing_aid.o
LOAD obj/Release/cpu/br36/audio/audio_hearing_aid_lp.o
LOAD obj/Release/cpu/br36/audio/audio_link.o
LOAD obj/Release/cpu/br36/audio/audio_mic/effect_reg.o
LOAD obj/Release/cpu/br36/audio/audio_mic/mic_effect.o
LOAD obj/Release/cpu/br36/audio/audio_mic/mic_stream.o
LOAD obj/Release/cpu/br36/audio/audio_mic_capless.o
LOAD obj/Release/cpu/br36/audio/audio_mic_codec.o
LOAD obj/Release/cpu/br36/audio/audio_sidetone.o
LOAD obj/Release/cpu/br36/audio/audio_spectrum.o
LOAD obj/Release/cpu/br36/audio/audio_sync.o
LOAD obj/Release/cpu/br36/audio/eq_config.o
LOAD obj/Release/cpu/br36/audio/linein_iis.o
LOAD obj/Release/cpu/br36/audio/mic_dut_process.o
LOAD obj/Release/cpu/br36/audio/smart_voice/kws_event.o
LOAD obj/Release/cpu/br36/audio/smart_voice/smart_voice_config.o
LOAD obj/Release/cpu/br36/audio/smart_voice/smart_voice_core.o
LOAD obj/Release/cpu/br36/audio/smart_voice/voice_mic_data.o
LOAD obj/Release/cpu/br36/audio/sound_device.o
LOAD obj/Release/cpu/br36/audio/tone_player.o
LOAD obj/Release/cpu/br36/charge.o
LOAD obj/Release/cpu/br36/charge_calibration.o
LOAD obj/Release/cpu/br36/chargestore.o
LOAD obj/Release/cpu/br36/clock_manager.o
LOAD obj/Release/cpu/br36/iic_hw.o
LOAD obj/Release/cpu/br36/iic_soft.o
LOAD obj/Release/cpu/br36/irflt.o
LOAD obj/Release/cpu/br36/ledc.o
LOAD obj/Release/cpu/br36/lp_touch_key.o
LOAD obj/Release/cpu/br36/lp_touch_key_alog.o
LOAD obj/Release/cpu/br36/lp_touch_key_tool.o
LOAD obj/Release/cpu/br36/overlay_code.o
LOAD obj/Release/cpu/br36/plcnt.o
LOAD obj/Release/cpu/br36/pwm_led.o
LOAD obj/Release/cpu/br36/setup.o
LOAD obj/Release/cpu/br36/spi.o
LOAD obj/Release/cpu/br36/timer_pwm.o
LOAD obj/Release/cpu/br36/uart_dev.o
START GROUP
LOAD cpu/br36/liba/cpu.a
LOAD cpu/br36/liba/system.a
LOAD cpu/br36/liba/btstack.a
LOAD cpu/br36/liba/btctrler.a
LOAD cpu/br36/liba/aec.a
LOAD cpu/br36/liba/media.a
LOAD cpu/br36/liba/media_app.a
LOAD cpu/br36/liba/libAptFilt_pi32v2_OnChip.a
LOAD cpu/br36/liba/libEchoSuppress_pi32v2_OnChip.a
LOAD cpu/br36/liba/libNoiseSuppress_pi32v2_OnChip.a
LOAD cpu/br36/liba/libSplittingFilter_pi32v2_OnChip.a
LOAD cpu/br36/liba/libDelayEstimate_pi32v2_OnChip.a
LOAD cpu/br36/liba/libDualMicSystem_pi32v2_OnChip.a
LOAD cpu/br36/liba/libDualMicSystem_flexible_pi32v2_OnChip.a
LOAD cpu/br36/liba/libOpcore_maskrom_pi32v2_OnChip.a
LOAD cpu/br36/liba/lib_resample_cal.a
LOAD cpu/br36/liba/lib_resample_fast_cal.a
LOAD cpu/br36/liba/sbc_eng_lib.a
LOAD cpu/br36/liba/lib_esco_repair.a
LOAD cpu/br36/liba/limiter_noiseGate.a
LOAD cpu/br36/liba/agreement.a
LOAD cpu/br36/liba/bt_hash_enc.a
LOAD cpu/br36/liba/rcsp_stack.a
LOAD cpu/br36/liba/lib_sur_cal.a
LOAD cpu/br36/liba/lib_vbass_cal.a
LOAD cpu/br36/liba/wma_dec_lib.a
LOAD cpu/br36/liba/mp3_dec_lib.a
LOAD cpu/br36/liba/flac_dec_lib.a
LOAD cpu/br36/liba/wav_dec_lib.a
LOAD cpu/br36/liba/wtgv2_dec_lib.a
LOAD cpu/br36/liba/mp3tsy_dec_lib.a
LOAD cpu/br36/liba/ape_dec_lib.a
LOAD cpu/br36/liba/m4a_dec_lib.a
LOAD cpu/br36/liba/amr_dec_lib.a
LOAD cpu/br36/liba/dts_dec_lib.a
LOAD cpu/br36/liba/lib_pitchshifter.a
LOAD cpu/br36/liba/opus_enc_lib.a
LOAD cpu/br36/liba/speex_enc_lib.a
LOAD cpu/br36/liba/lc3_codec_lib.a
LOAD cpu/br36/liba/lfaudio_plc_lib.a
LOAD cpu/br36/liba/libjlsp.a
LOAD cpu/br36/liba/libjlsp_kws.a
LOAD cpu/br36/liba/drc.a
LOAD apps/common/third_party_profile/tuya_protocol/sdk/lib/libtuya_lib.a
LOAD cpu/br36/liba/tme_stack.a
LOAD cpu/br36/liba/gma_stack.a
LOAD cpu/br36/liba/google_fps.a
LOAD cpu/br36/liba/cloudmusic.a
LOAD cpu/br36/liba/wsp_stack.a
LOAD cpu/br36/liba/SpectrumShow.a
LOAD cpu/br36/liba/JL_Phone_Call.a
LOAD cpu/br36/liba/lib_dvad.a
LOAD cpu/br36/liba/libkwscommon.a
LOAD cpu/br36/liba/lib_reverb_cal.a
LOAD cpu/br36/liba/noisegate.a
LOAD cpu/br36/liba/howling.a
LOAD cpu/br36/liba/lib_howlings_phf.a
LOAD cpu/br36/liba/libllns.a
LOAD cpu/br36/liba/libjlsp_kws_india_english.a
LOAD cpu/br36/liba/VirtualBass.a
LOAD cpu/br36/liba/libdma-protocol.a
LOAD cpu/br36/liba/libdma-device-ota.a
LOAD cpu/br36/liba/libFFT_pi32v2_OnChip.a
LOAD cpu/br36/liba/wtg_dec_lib.a
LOAD cpu/br36/liba/br36_aac_dec_lib.a
LOAD cpu/br36/liba/crypto_toolbox_Ospeed.a
LOAD cpu/br36/liba/lib_dns.a
LOAD cpu/br36/liba/compressor.a
LOAD cpu/br36/liba/crossover_coff.a
LOAD cpu/br36/liba/limiter.a
LOAD cpu/br36/liba/update.a
END GROUP
                0x0010fe00                local_irq_enable = 0x10fe00
                0x0010fe04                local_irq_disable = 0x10fe04
                0x0010fe08                lp_signature_set = 0x10fe08
                0x0010fe0c                memmem = 0x10fe0c
                0x0010fe10                memcpy = 0x10fe10
                0x0010fe14                memmove = 0x10fe14
                0x0010fe18                memcmp = 0x10fe18
                0x0010fe1c                memset = 0x10fe1c
                0x0010fe20                strcmp = 0x10fe20
                0x0010fe24                strcpy = 0x10fe24
                0x0010fe28                strlen = 0x10fe28
                0x0010fe2c                strncmp = 0x10fe2c
                0x0010fe30                strstr = 0x10fe30
                0x0010fe34                strchr = 0x10fe34
                0x0010fe38                os_init = 0x10fe38
                0x0010fe3c                os_start = 0x10fe3c
                0x0010fe40                os_get_curr_tcb_var = 0x10fe40
                0x0010fe44                os_task_create_rom = 0x10fe44
                0x0010fe48                os_current_task_rom = 0x10fe48
                0x0010fe4c                os_time_dly = 0x10fe4c
                0x0010fe50                os_time_get = 0x10fe50
                0x0010fe54                os_task_del_req = 0x10fe54
                0x0010fe58                os_task_del_res = 0x10fe58
                0x0010fe5c                os_task_del = 0x10fe5c
                0x0010fe60                __os_taskq_pend = 0x10fe60
                0x0010fe64                os_taskq_pend = 0x10fe64
                0x0010fe68                os_task_pend = 0x10fe68
                0x0010fe6c                __os_taskq_post = 0x10fe6c
                0x0010fe70                os_taskq_post = 0x10fe70
                0x0010fe74                os_taskq_post_type = 0x10fe74
                0x0010fe78                os_taskq_flush = 0x10fe78
                0x0010fe7c                task_queue_post_event = 0x10fe7c
                0x0010fe80                os_taskq_post_msg = 0x10fe80
                0x0010fe84                os_taskq_post_event = 0x10fe84
                0x0010fe88                os_taskq_accept = 0x10fe88
                0x0010fe8c                os_taskq_del = 0x10fe8c
                0x0010fe90                os_taskq_del_type = 0x10fe90
                0x0010fe94                os_sem_create = 0x10fe94
                0x0010fe98                os_sem_del = 0x10fe98
                0x0010fe9c                os_sem_pend = 0x10fe9c
                0x0010fea0                os_sem_post = 0x10fea0
                0x0010fea4                os_sem_set = 0x10fea4
                0x0010fea8                os_sem_valid = 0x10fea8
                0x0010feac                os_sem_query = 0x10feac
                0x0010feb0                os_mutex_create = 0x10feb0
                0x0010feb4                os_mutex_del = 0x10feb4
                0x0010feb8                os_mutex_pend = 0x10feb8
                0x0010febc                os_mutex_post = 0x10febc
                0x0010fec0                os_mutex_valid = 0x10fec0
                0x0010fec4                xTaskCreate = 0x10fec4
                0x0010fec8                xTaskGetCurrentTaskHandle = 0x10fec8
                0x0010fecc                xTaskGetTickCount = 0x10fecc
                0x0010fed0                xTaskGetHandle = 0x10fed0
                0x0010fed0                os_task_get_handle = 0x10fed0
                0x0010fed4                vTaskDelete = 0x10fed4
                0x0010fed8                xTaskGetApplicationTaskTag = 0x10fed8
                0x0010fedc                vTaskSetApplicationTaskTag = 0x10fedc
                0x0010fee0                xQueueGenericCreateStatic = 0x10fee0
                0x0010fee4                xQueueGenericReset = 0x10fee4
                0x0010fee8                xQueueGenericSend = 0x10fee8
                0x0010feec                xQueueGenericSendFromISR = 0x10feec
                0x0010fef0                xQueueGenericReceive = 0x10fef0
                0x0010fef4                xQueueReceiveFromISR = 0x10fef4
                0x0010fef8                vQueueDelete = 0x10fef8
                0x0010fefc                uxQueueMessagesWaiting = 0x10fefc
                0x0010ff00                uxQueueMessagesWaitingFromISR = 0x10ff00
                0x0010ff04                uxQueueSpacesAvailable = 0x10ff04
                0x0010ff08                pcTaskGetName = 0x10ff08
                0x0010ff0c                prvGetExpectedIdleTime = 0x10ff0c
                0x0010ff10                eTaskConfirmSleepModeStatus = 0x10ff10
                0x0010ff14                vTaskStepTick = 0x10ff14
                0x0010ff18                pxPortInitialiseStack = 0x10ff18
                0x0010ff1c                xPortStartScheduler = 0x10ff1c
                0x0010ff20                vPortEndScheduler = 0x10ff20
                0x0010ff24                vPortYield = 0x10ff24
                0x0010ff28                vPortExitCritical = 0x10ff28
                0x0010ff2c                OS_ClrPending = 0x10ff2c
                0x0010ff30                vTickISR = 0x10ff30
                0x0010ff34                pmalloc_init = 0x10ff34
                0x0010ff38                pmalloc = 0x10ff38
                0x0010ff3c                pfree = 0x10ff3c
                0x0010ff40                pmalloc_get_unused_pages = 0x10ff40
                0x0010ff44                get_physic_address = 0x10ff44
                0x0010ff48                pmm_get_var = 0x10ff48
                0x0010ff4c                vmm_init_ = 0x10ff4c
                0x0010ff50                vmalloc_ = 0x10ff50
                0x0010ff54                vfree_ = 0x10ff54
                0x0010ff58                vmem_get_phy_adr = 0x10ff58
                0x0010ff5c                vmem_start = 0x10ff5c
                0x0010ff60                vmem_end = 0x10ff60
                0x0010ff64                vmm_get_var = 0x10ff64
                0x0010ff68                vmalloc_v2 = 0x10ff68
                0x0010ff6c                vfree_v2 = 0x10ff6c
                0x0010ff70                vcopy_ = 0x10ff70
                0x0010ff74                IcuCmdKst = 0x10ff74
                0x0010ff78                DcuCmdKst = 0x10ff78
                0x0010ff7c                IcuCmdSend = 0x10ff7c
                0x0010ff80                DcuCmdSend = 0x10ff80
                0x0010ff84                flush_dcache = 0x10ff84
                0x0010ff88                flushinv_dcache = 0x10ff88
                0x0010ff8c                sfc_suspend = 0x10ff8c
                0x0010ff90                sfc_resume = 0x10ff90
                0x0010ff94                sfc_drop_cache = 0x10ff94
                0x0010ff98                chip_crc16 = 0x10ff98
                0x0010ff9c                CrcDecode = 0x10ff9c
                0x0010ffa0                mask_init = 0x10ffa0
                0x0010ffa4                wdt_clr = 0x10ffa4
                0x0010ffa8                nvram_set_boot_state = 0x10ffa8
                0x0010ffac                chip_reset = 0x10ffac
                0x0010ffb0                the_debug_isr = 0x10ffb0
                0x0010ffb4                printf = 0x10ffb4
                0x0010ffb8                puts = 0x10ffb8
                0x0010ffbc                doe = 0x10ffbc
                0x0010ffc0                spi_get_port = 0x10ffc0
                0x0010ffc4                _pll_init = 0x10ffc4
                0x0010ffc8                flash_poweron = 0x10ffc8
                0x0010ffcc                spi_unmount = 0x10ffcc
                0x0010ffd0                spi_port_io_init = 0x10ffd0
                0x0010ffd4                LZ4_setStreamDecode = 0x10ffd4
                0x0010ffd8                LZ4_decompress_safe_continue = 0x10ffd8
                0x0010ffdc                LZ4_decompress_generic = 0x10ffdc
                0x0010ffe0                _sdk_mkey_lock = 0x10ffe0
                0x0010ffe4                get_cvsd_codec_ops = 0x10ffe4
                0x0010ffe8                B_fir_cal_s = 0x10ffe8
                0x0010ffec                B_array_vol = 0x10ffec
                0x0010fff0                B_Syn_filt = 0x10fff0
                0x0010fff4                B_Residu = 0x10fff4
                0x0010fff8                B_comput_correlataionS = 0x10fff8
                0x0010fffc                B_iircal = 0x10fffc
                0x001085b0                mdct_tab_256 = 0x1085b0
                0x001087b0                mdct_tab_2048 = 0x1087b0
                0x001097b0                sine_long_1024 = 0x1097b0
                0x0010a7b0                sine_short_128 = 0x10a7b0
                0x0010a9b0                kbd_long_1024 = 0x10a9b0
                0x0010b9b0                kbd_short_128 = 0x10b9b0
                0x0010bbb0                Huffmancb_SCL = 0x10bbb0
                0x0010bdc0                num_swb_960_window = 0x10bdc0
                0x0010bdcc                num_swb_1024_window = 0x10bdcc
                0x0010bdd8                num_swb_128_window = 0x10bdd8
                0x0010bde4                swb_offset_1024_96 = 0x10bde4
                0x0010be38                swb_offset_128_96 = 0x10be38
                0x0010be52                swb_offset_1024_64 = 0x10be52
                0x0010beb2                swb_offset_128_64 = 0x10beb2
                0x0010becc                swb_offset_1024_48 = 0x10becc
                0x0010bf30                swb_offset_128_48 = 0x10bf30
                0x0010bf4e                swb_offset_1024_32 = 0x10bf4e
                0x0010bfb6                swb_offset_1024_24 = 0x10bfb6
                0x0010c016                swb_offset_128_24 = 0x10c016
                0x0010c036                swb_offset_1024_16 = 0x10c036
                0x0010c08e                swb_offset_128_16 = 0x10c08e
                0x0010c0ae                swb_offset_1024_8 = 0x10c0ae
                0x0010c100                swb_offset_128_8 = 0x10c100
                0x0010c120                swb_offset_1024_window = 0x10c120
                0x0010c150                swb_offset_128_window = 0x10c150
                0x0010c180                iq_table = 0x10c180
                0x0010c584                tns_coef_0_3 = 0x10c584
                0x0010c5c4                tns_coef_0_4 = 0x10c5c4
                0x0010c604                tns_coef_1_3 = 0x10c604
                0x0010c644                tns_coef_1_4 = 0x10c644
                0x0010c684                pow05_table = 0x10c684
                0x0010c6a0                sample_rates = 0x10c6a0
                0x0010c6d0                pred_sfb_max = 0x10c6d0
                0x0010c6dc                tns_sbf_max = 0x10c6dc
                0x0010c71c                Huffmancb_1 = 0x10c71c
                0x0010c8b4                Huffmancb_2 = 0x10c8b4
                0x0010c9ec                Huffmancb_3 = 0x10c9ec
                0x0010cb24                Huffmancb_4 = 0x10cb24
                0x0010cc54                Huffmancb_5 = 0x10cc54
                0x0010cd9c                Huffmancb_6 = 0x10cd9c
                0x0010cedc                Huffmancb_7 = 0x10cedc
                0x0010cfd4                Huffmancb_8 = 0x10cfd4
                0x0010d0cc                Huffmancb_9 = 0x10d0cc
                0x0010d36c                Huffmancb_10 = 0x10d36c
                0x0010d5fc                Huffmancb_11 = 0x10d5fc
                0x0010dabc                AACcodeBookDTable = 0x10dabc
                0x0010bdb8                AAC_SFHUFF_TAB = 0x10bdb8
                0x00103804                STFT_Win_FixHalf_M512_D160 = 0x103804
                0x00103c04                STFT_Win_FixHalf_M256_D160 = 0x103c04
                0x00103e04                STFT_Win_FixHalf_M256_D80 = 0x103e04
                0x00104004                STFT_Win_FixHalf_M128_D80 = 0x104004
                0x00100004                WOLAAnalysisFilter_Float_M64_m4_r1 = 0x100004
                0x00100404                WOLASynthesisFilter_Float_M64_m4_r1 = 0x100404
                0x00100804                WOLAAnalysisFilter_Float_M128_m4_r1 = 0x100804
                0x00101004                WOLASynthesisFilter_Float_M128_m4_r1 = 0x101004
                0x00101804                WOLAAnalysisFilter_Float_M256_m4_r1 = 0x101804
                0x00102804                WOLASynthesisFilter_Float_M256_m4_r1 = 0x102804
                0x0010db24                quantize_intervals_LF = 0x10db24
                0x0010dc28                invert_quantize_dither_factors_LF = 0x10dc28
                0x0010dd2c                quantize_dither_factors_LF = 0x10dd2c
                0x0010de30                quantize_factor_select_offset_LF = 0x10de30
                0x0010deb4                hd_quantize_intervals_LF = 0x10deb4
                0x00104104                sf_sin_tab1 = 0x104104
                0x0002bc04                boot_arg_list = 0x2bc04
                0x0002bf00                _IRQ_MEM_ADDR = 0x2bf00
                0x0002bbe0                _MASK_MEM_BEGIN = 0x2bbe0
                0x0000030c                _MASK_MEM_SIZE = 0x30c
                0x00000080                UPDATA_SIZE = 0x80
                0x0002bb60                UPDATA_BEG = (_MASK_MEM_BEGIN - UPDATA_SIZE)
                0x0002c000                UPDATA_BREDR_BASE_BEG = 0x2c000
                0x00000000                RAM_LIMIT_L = 0x0
                0x0002bb60                RAM_LIMIT_H = UPDATA_BEG
                0x0002bb60                PHY_RAM_SIZE = (RAM_LIMIT_H - RAM_LIMIT_L)
                0x0002bf00                ISR_BASE = _IRQ_MEM_ADDR
                0x0000030c                ROM_RAM_SIZE = _MASK_MEM_SIZE
                0x0002bbe0                ROM_RAM_BEG = _MASK_MEM_BEGIN
                0x00000000                RAM0_BEG = RAM_LIMIT_L
                0x0002bb60                RAM0_END = RAM_LIMIT_H
                0x0002bb60                RAM0_SIZE = (RAM0_END - RAM0_BEG)
                0x0002c600                EQ_PRIV_COEFF_BASE = 0x2c600
                0x0000000a                EQ_PRIV_SECTION_NUM = 0xa
                0x0002c880                EQ_PRIV_COEFF_END = (EQ_PRIV_COEFF_BASE + (((0x4 * EQ_PRIV_SECTION_NUM) * 0x8) * 0x2))
                0x01e00100                CODE_BEG = 0x1e00100
                0x00000000                . = ORIGIN (ram0)

.mmu_tlb        0x00000000      0xf00
 *(.mmu_tlb_segment)
 .mmu_tlb_segment
                0x00000000      0xf00 cpu\br36\tools\sdk.elf.o

.boot_info      0x00000f00       0x40
 *(.boot_info)
 .boot_info     0x00000f00       0x28 cpu\br36\tools\sdk.elf.o
                0x00000f40                . = ALIGN (0x20)
 *fill*         0x00000f28       0x18 

.irq_stack      0x00000f40      0x820
 *(.stack_magic)
 .stack_magic   0x00000f40       0x10 cpu\br36\tools\sdk.elf.o
                0x00000f40                stack_magic
                0x00000f50                _cpu0_sstack_begin = .
                [!provide]                PROVIDE (cpu0_sstack_begin, .)
 *(.stack)
 .stack         0x00000f50      0x800 cpu/br36/liba/cpu.a(startup.S.o)
                0x00001750                _stack
                0x00001750                _cpu0_sstack_end = .
                [!provide]                PROVIDE (cpu0_sstack_end, .)
                0x00001750                _stack_end = .
 *(.stack_magic0)
 .stack_magic0  0x00001750       0x10 cpu\br36\tools\sdk.elf.o
                0x00001750                stack_magic0
                0x00001760                . = ALIGN (0x4)

.data           0x00001760     0x10c0
                0x00001760                . = ALIGN (0x4)
 *(.data_magic)
 .data_magic    0x00001760       0x40 cpu\br36\tools\sdk.elf.o
                0x00001760                data_magic
 *(.data*)
 .data          0x000017a0      0x5a8 cpu\br36\tools\sdk.elf.o
                0x00001968                jiffies
 *(*.data)
 .bt_decode.data
                0x00001d48       0x1c cpu\br36\tools\sdk.elf.o
 .bt_rf.data    0x00001d64      0x27c cpu\br36\tools\sdk.elf.o
 .lmp.data      0x00001fe0       0xd4 cpu\br36\tools\sdk.elf.o
 .bt_classic.data
                0x000020b4       0x32 cpu\br36\tools\sdk.elf.o
 .tws.data      0x000020e6        0x2 cpu\br36\tools\sdk.elf.o
 .lmp_hci.data  0x000020e8       0xbe cpu\br36\tools\sdk.elf.o
 *fill*         0x000021a6        0x2 
 .commproc.data
                0x000021a8       0x80 cpu\br36\tools\sdk.elf.o
 .sbc_decoder.data
                0x00002228        0x4 cpu\br36\tools\sdk.elf.o
 .msbc_decoder.data
                0x0000222c        0x4 cpu\br36\tools\sdk.elf.o
 .cvsd_decoder.data
                0x00002230       0x14 cpu\br36\tools\sdk.elf.o
 .bt_audio_timestamp.data
                0x00002244        0x8 cpu\br36\tools\sdk.elf.o
 .audio_adc.data
                0x0000224c       0x10 cpu\br36\tools\sdk.elf.o
 .audio_fft.data
                0x0000225c        0x4 cpu\br36\tools\sdk.elf.o
 .audio_sbc_hw.data
                0x00002260       0x58 cpu\br36\tools\sdk.elf.o
 .soc_sync.data
                0x000022b8        0x8 cpu\br36\tools\sdk.elf.o
 .audio_dac.data
                0x000022c0       0x22 cpu\br36\tools\sdk.elf.o
 *fill*         0x000022e2        0x2 
 .audio_src.data
                0x000022e4       0x28 cpu\br36\tools\sdk.elf.o
 .audio_eq.data
                0x0000230c       0x74 cpu\br36\tools\sdk.elf.o
                0x00002380                . = ALIGN (0x4)
                0x00002380                __a2dp_movable_slot_start = .
 *(.movable.slot.1)
 .movable.slot.1
                0x00002380      0x248 cpu\br36\tools\sdk.elf.o
                0x00002380                audio_decoder_wakeup_timer.slot
                0x00002384                a2dp_audio_delay_time.slot
                0x00002388                a2dp_dec_set_output_channel.slot
                0x0000238c                a2dp_output_after_syncts_filter.slot
                0x00002390                a2dp_decoder_stream_free.slot
                0x00002394                a2dp_dec_probe_handler.slot
                0x00002398                a2dp_dec_output_handler.slot
                0x0000239c                audio_filter_resume_decoder.slot
                0x000023a0                a2dp_dec_get_frame.slot
                0x000023a4                a2dp_dec_put_frame.slot
                0x000023a8                get_rtp_header_len.slot
                0x000023ac                mix_output_handler.slot
                0x000023b0                a2dp_media_try_get_packet.slot
                0x000023b4                a2dp_media_dump_rx_time.slot
                0x000023b8                a2dp_media_fetch_packet.slot
                0x000023bc                a2dp_media_get_packet_num.slot
                0x000023c0                a2dp_media_free_packet.slot
                0x000023c4                a2dp_media_get_remain_buffer_size.slot
                0x000023c8                a2dp_media_get_remain_play_time.slot
                0x000023cc                a2dp_media_clear_packet_before_seqn.slot
                0x000023d0                lmp_get_esco_conn_statu.slot
                0x000023d4                lmp_conn_for_link.slot
                0x000023d8                lmp_conn_for_address.slot
                0x000023dc                lmp_get_a2dp_data_cache_low.slot
                0x000023e0                lmp_get_a2dp_data_cache_hi.slot
                0x000023e4                lmp_private_get_sbc_remain_time.slot
                0x000023e8                __lmp_get_a2dp_packet_num.slot
                0x000023ec                lmp_private_get_sbc_data_len.slot
                0x000023f0                __write_reg_txinfo.slot
                0x000023f4                READ_SLOT_CLK.slot
                0x000023f8                __clean_reg_rxfull.slot
                0x000023fc                __clean_reg_txempty.slot
                0x00002400                clkn0_phase.slot
                0x00002404                bredr_set_frame_bitoff.slot
                0x00002408                rxoffset_cal.slot
                0x0000240c                __rxoffset_cal.slot
                0x00002410                bredr_bd_frame_disable.slot
                0x00002414                bredr_bd_frame_enable.slot
                0x00002418                bredr_frame_get_rx_payload_head.slot
                0x0000241c                m_tws_offset_cal.slot
                0x00002420                bredr_bd_frame_tws_esco_disable.slot
                0x00002424                bdhw_set_afh.slot
                0x00002428                bredr_analog_get_rssi.slot
                0x0000242c                bredr_read_slot_clk.slot
                0x00002430                link_conn_rx_handler.slot
                0x00002434                link_conn_super_timeout_reset.slot
                0x00002438                connection_tx_handler.slot
                0x0000243c                bredr_link_set_afh.slot
                0x00002440                bredr_link_enable_afh.slot
                0x00002444                bredr_get_master_slot_clk.slot
                0x00002448                bredr_get_link_slot_clk.slot
                0x0000244c                link_conn_tx_empty.slot
                0x00002450                link_conn_task_resume.slot
                0x00002454                link_conn_task_suspend.slot
                0x00002458                link_conn_tx_bulk_avaiable.slot
                0x0000245c                bredr_link_head_err_irq_handler.slot
                0x00002460                slot_timer_irq_get_time_out.slot
                0x00002464                slot_timer_init.slot
                0x00002468                slot_timer_uninit.slot
                0x0000246c                slot_timer_get.slot
                0x00002470                slot_timer_set_finecnt.slot
                0x00002474                slot_timer_set_ext.slot
                0x00002478                slot_timer_set.slot
                0x0000247c                slot_timer_reset.slot
                0x00002480                slot_timer_put.slot
                0x00002484                slot_timer_disable.slot
                0x00002488                slot_timer_remain.slot
                0x0000248c                tws_tx_bulk_alloc.slot
                0x00002490                is_tws_esco_working.slot
                0x00002494                tws_conn_rx_handler_in_irq.slot
                0x00002498                tws_conn_tx_event_handler.slot
                0x0000249c                bt_audio_sync_nettime_select.slot
                0x000024a0                bt_audio_sync_lat_time.slot
                0x000024a4                tws_media_sync_tx_msg.slot
                0x000024a8                tws_media_sync_tx_msg_suss.slot
                0x000024ac                tws_media_sync_rx_msg_and_tx_msg.slot
                0x000024b0                tws_media_sync_rx_msg.slot
                0x000024b4                tws_media_sync_event_handler.slot
                0x000024b8                tws_event_sync_tx_events.slot
                0x000024bc                tws_power_balance_master_tx.slot
                0x000024c0                tws_power_balance_slave_tx.slot
                0x000024c4                tws_sync_call_tx_events.slot
                0x000024c8                tws_sync_call_rx_events_and_tx_events.slot
                0x000024cc                key_sync_call_event_hander.slot
                0x000024d0                tws_lmp_slot_sync_rx.slot
                0x000024d4                tws_lmp_slot_sync_master_rx.slot
                0x000024d8                tws_conn_sync_tx_core_data.slot
                0x000024dc                tws_lmp_slot_master_tx.slot
                0x000024e0                wf_det_counter.slot
                0x000024e4                tws_afh_sync_rx.slot
                0x000024e8                tws_afh_sync_master_rx.slot
                0x000024ec                tws_afh_master_tx.slot
                0x000024f0                tws_offset_adjust.slot
                0x000024f4                tws_link_tx_sync_req.slot
                0x000024f8                tws_link_connection_resume.slot
                0x000024fc                tws_link_connection_suspend.slot
                0x00002500                bredr_link_event.slot
                0x00002504                link_task_schedule.slot
                0x00002508                link_task_switch.slot
                0x0000250c                link_task_run_slots.slot
                0x00002510                link_task_try_run_slots.slot
                0x00002514                bredr_clkn_after.slot
                0x00002518                bredr_clkn2offset.slot
                0x0000251c                bredr_offset2clkn.slot
                0x00002520                aac_decoder_run.slot
                0x00002524                aac_decoder_input.slot
                0x00002528                aac_decoder_output.slot
                0x0000252c                aac_decoder_check_buf.slot
                0x00002530                aac_decoder_get_lslen.slot
                0x00002534                audio_decoder_put_output_buff.slot
                0x00002538                audio_decoder_read_data.slot
                0x0000253c                audio_decoder_data_type.slot
                0x00002540                audio_decoder_get_input_data_len.slot
                0x00002544                audio_decoder_get_frame.slot
                0x00002548                audio_decoder_fetch_frame.slot
                0x0000254c                audio_decoder_put_frame.slot
                0x00002550                audio_dec_task.slot
                0x00002554                audio_decoder_suspend.slot
                0x00002558                audio_decoder_resume.slot
                0x0000255c                audio_decoder_resume_all.slot
                0x00002560                audio_decoder_dual_switch.slot
                0x00002564                sbc_output_alloc.slot
                0x00002568                sbc_output_alloc_free_space.slot
                0x0000256c                sbc_output_finish.slot
                0x00002570                sbc_decoder_run.slot
                0x00002574                find_sbc_frame.slot
                0x00002578                audio_resample_output_handler.slot
                0x0000257c                audio_soc_sync_irq_handler.slot
                0x00002580                audio_syncts_next_pts.slot
                0x00002584                audio_syncts_frame_filter.slot
                0x00002588                audio_syncts_trigger_resume.slot
                0x0000258c                audio_syncts_get_dts.slot
                0x00002590                sound_pcm_enter_update_frame.slot
                0x00002594                audio_syncts_latch_trigger_timer.slot
                0x00002598                sbc_codec_decode.slot
                0x0000259c                soc_sync_link_to_resample_disable.slot
                0x000025a0                soc_sync_slot_win_reset.slot
                0x000025a4                audio_dac_irq_handler.slot
                0x000025a8                audio_dac_write.slot
                0x000025ac                audio_dac_read.slot
                0x000025b0                audio_mixer_ch_write.slot
                0x000025b4                audio_eq_probe.slot
                0x000025b8                audio_eq_output.slot
                0x000025bc                audio_eq_post.slot
                0x000025c0                audio_eq_input.slot
                0x000025c4                audio_eq_run.slot
                0x000025c8                __a2dp_movable_slot_end = .
                0x000025c8                . = ALIGN (0x4)
                0x000025c8                . = ALIGN (0x4)
                0x000025c8                audio_sync_data_begin = .
 *(.audio_sync_data)
                0x000025c8                audio_sync_data_end = .
                0x000025c8                . = ALIGN (0x4)
 *(.mp3_data)
 *(.mp3_dec_data)
 *(.wma_data)
 *(.wma_dec_data)
 *(.wav_dec_data)
 *(.wav_data)
 *(.flac_data)
 *(.flac_dec_data)
 *(.mp3tsy_dec_data)
 *(.mp3tsy_data)
 *(.sbc_data)
 *(.msbc_data)
 *(.cvsd_data)
 *(.aac_data)
 *(.sbc_eng_data)
 *(.bt_audioplc_data)
 *(.lc3_decoder_data)
 *(.wtgv2_data)
 *(.wtgv2dec_data)
 *(.m4a_dec_data)
 *(.m4a_data)
 *(.amr_dec_data)
 *(.alac_data)
 *(.anc_data)
 *(.anc_core_data)
 *(.anc_user_data)
 *(.anc_box_data)
 *(.anc_btspp_data)
 *(.anc_debug_data)
 *(.ape_dec_data)
 *(.ape_data)
 *(.audio_track_data)
 *(.audio_cfifo_data)
 *(.audio_echo_reverb_data)
 *(.platereverb_data)
 *(.echo_cal_data)
 *(.audio_noisegate_data)
 *(.audio_howling_data)
 *(.howlings_phf_data)
 *(.notchhowling_data)
                0x000025c8                audio_cvp_data_begin = .
 *(.jlsp_aec_data)
 *(.jlsp_nlp_data)
 *(.jlsp_dns_data)
 *(.jlsp_enc_data)
 *(.jlsp_prep_data)
 *(.jlsp_wn_data)
 *(.sms_data)
 *(.dms_data)
 *(.data._*)
 *(.aec_data)
 .aec_data      0x000025c8       0x50 cpu\br36\tools\sdk.elf.o
 *(.res_data)
 *(.ns_data)
 *(.jlsp_data)
 *(.nlp_data)
 *(.der_data)
 *(.qmf_data)
 *(.fft_data)
 *(.aec_mux)
                0x00002618                audio_cvp_data_end = .
                0x00000050                audio_cvp_data_size = (audio_cvp_data_end - audio_cvp_data_begin)
                0x00002618                . = ALIGN (0x4)
                0x00002618                . = ALIGN (0x4)
                0x00002618                system_data_start = .
                0x00002618                _video_subdev_begin = .
                [!provide]                PROVIDE (video_subdev_begin, .)
 *(.video_subdev.0)
 *(.video_subdev.1)
 *(.video_subdev.2)
 *(.video_subdev.3)
 *(.video_subdev.4)
 *(.video_subdev.5)
                0x00002618                _video_subdev_end = .
                [!provide]                PROVIDE (video_subdev_end, .)
                0x00002618                _audio_subdev_begin = .
                [!provide]                PROVIDE (audio_subdev_begin, .)
 *(.audio_subdev.0)
 *(.audio_subdev.1)
 *(.audio_subdev.2)
 *(.audio_subdev.3)
                0x00002618                _audio_subdev_end = .
                [!provide]                PROVIDE (audio_subdev_end, .)
                0x00002618                _iic_device_begin = .
                [!provide]                PROVIDE (iic_device_begin, .)
 *(.iic)
                0x00002618                _iic_device_end = .
                [!provide]                PROVIDE (iic_device_end, .)
                0x00002618                _avin_spi_device_begin = .
                [!provide]                PROVIDE (avin_spi_device_begin, .)
 *(.sw_spi)
                0x00002618                _avin_spi_device_end = .
                [!provide]                PROVIDE (avin_spi_device_end, .)
                0x00002618                _video_dev_begin = .
                [!provide]                PROVIDE (video_dev_begin, .)
 *(.video_device)
                0x00002618                _video_dev_end = .
                [!provide]                PROVIDE (video_dev_end, .)
                0x00002618                _key_driver_ops_begin = .
                [!provide]                PROVIDE (key_driver_ops_begin, .)
 *(.key_driver_ops)
                0x00002618                _key_driver_ops_end = .
                [!provide]                PROVIDE (key_driver_ops_end, .)
                0x00002618                _touch_driver_begin = .
                [!provide]                PROVIDE (touch_driver_begin, .)
 *(.touch_driver)
                0x00002618                _touch_driver_end = .
                [!provide]                PROVIDE (touch_driver_end, .)
                0x00002618                _static_hi_timer_begin = .
                [!provide]                PROVIDE (static_hi_timer_begin, .)
 *(.hi_timer)
                0x00002618                _static_hi_timer_end = .
                [!provide]                PROVIDE (static_hi_timer_end, .)
                0x00002618                _sys_cpu_timer_begin = .
                0x00002618                PROVIDE (sys_cpu_timer_begin, .)
 *(.sys_cpu_timer)
                0x00002618                _sys_cpu_timer_end = .
                0x00002618                PROVIDE (sys_cpu_timer_end, .)
                0x00002618                _sys_config_begin = .
                [!provide]                PROVIDE (sys_config_begin, .)
 *(.sys_cfg)
                0x00002618                _sys_config_end = .
                [!provide]                PROVIDE (sys_config_end, .)
                0x00002618                _sys_fat_begin = .
                [!provide]                PROVIDE (sys_fat_begin, .)
 *(.fs_fat)
                0x00002618                _sys_fat_end = .
                [!provide]                PROVIDE (sys_fat_end, .)
                0x00002618                _app_begin = .
                0x00002618                PROVIDE (app_begin, .)
 *(.app)
 .app           0x00002618       0x40 cpu\br36\tools\sdk.elf.o
                0x00002658                _app_end = .
                0x00002658                PROVIDE (app_end, .)
                0x00002658                _os_begin = .
                [!provide]                PROVIDE (os_begin, .)
 *(.os_str)
 *(.os_data)
                0x00002658                _os_end = .
                [!provide]                PROVIDE (os_end, .)
 *(.crypto_ecdh_data)
 *(.crypto_data)
 *(.mem_data)
 *(.os_port_data)
 *(.uECC_data)
 *(.ECDH_sample_data)
                0x00002658                __movable_slot_start = .
 *(movable.slot.*)
                0x00002658                __movable_slot_end = .
                0x00002658                system_data_end = .
                0x00002658                . = ALIGN (0x4)
                0x00002658                btstack_data_start = .
 *(.bt_stack_data)
 .bt_stack_data
                0x00002658       0xfc cpu\br36\tools\sdk.elf.o
 *(.ble_db_data)
 *(.ble_sm_data)
 *(.ble_att_data)
 *(.ble_gatt_data)
                0x00002754                BTSTACK_LE_HOST_MESH_DATA_START = .
                0x00002754                . = ((. + 0x3) & 0xfffffffc)
                0x00002754                _net_buf_pool_list = .
 *(._net_buf_pool.static.*)
 *(.ble_mesh_data)
 *(.ble_mesh_tinycrypt_data)
                0x00000000                BTSTACK_LE_HOST_MESH_DATA_SIZE = ABSOLUTE ((. - BTSTACK_LE_HOST_MESH_DATA_START))
                0x00002754                btstack_data_end = .
                0x00002754                update_data_start = .
                0x00002754                update_data_end = .
                0x00002754                driver_data_start = .
                0x00002754                CLOCK_DATA_START = .
 *(.clock_data)
 .clock_data    0x00002754       0xb4 cpu\br36\tools\sdk.elf.o
                0x000000b4                CLOCK_DATA_SIZE = ABSOLUTE ((. - CLOCK_DATA_START))
 *(.debug_data)
 *(.power_data)
 *(.uart_data)
                0x00002808                driver_data_end = .
                0x00002820                . = ALIGN (0x20)
 *fill*         0x00002808       0x18 

.bss            0x00002820     0x77bc
                0x00002820                . = ALIGN (0x4)
                0x00002820                system_bss_start = .
                0x00002820                . = ALIGN (0x4)
 *(.os_bss)
 *(.mem_heap)
 *(.memp_memory_x)
 *(.mem_bss)
 *(.os_port_bss)
 *(.uECC_bss)
 *(.ECDH_sample_bss)
                0x00002820                system_bss_end = .
                0x00002820                . = ALIGN (0x4)
 *(.bss)
 .bss           0x00002820     0x3b38 cpu\br36\tools\sdk.elf.o
                0x000028bc                CurrentTCB
                0x000028c0                highCurrentTCB
 *(*.data.bss)
 .bt_decode.data.bss
                0x00006358      0x26c cpu\br36\tools\sdk.elf.o
 .bt_rf.data.bss
                0x000065c4       0x74 cpu\br36\tools\sdk.elf.o
 .lmp.data.bss  0x00006638      0x270 cpu\br36\tools\sdk.elf.o
 .bt_classic.data.bss
                0x000068a8     0x2368 cpu\br36\tools\sdk.elf.o
 .tws.data.bss  0x00008c10       0x58 cpu\br36\tools\sdk.elf.o
 .lmp_hci.data.bss
                0x00008c68       0x38 cpu\br36\tools\sdk.elf.o
 .ble_ll.data.bss
                0x00008ca0       0x30 cpu\br36\tools\sdk.elf.o
 .cvsd_encoder.data.bss
                0x00008cd0        0x8 cpu\br36\tools\sdk.elf.o
 .audio_adc.data.bss
                0x00008cd8       0x18 cpu\br36\tools\sdk.elf.o
 .audio_fft.data.bss
                0x00008cf0       0x50 cpu\br36\tools\sdk.elf.o
 .audio_sbc_hw.data.bss
                0x00008d40       0x6c cpu\br36\tools\sdk.elf.o
                0x00008dac                . = ALIGN (0x4)
                0x00008dac                . = ALIGN (0x4)
                0x00008dac                audio_sync_bss_begin = .
 *(.audio_sync_bss)
                0x00008dac                audio_sync_bss_end = .
                0x00008dac                . = ALIGN (0x4)
 *(.jlsp_bss)
 *(.mp3_bss)
 *(.mp3_dec_bss)
 *(.mp3tsy_dec_bss)
 *(.mp3tsy_bss)
 *(.flac_bss)
 *(.flac_dec_bss)
 *(.wma_bss)
 *(.wma_dec_bss)
 *(.wav_bss)
 *(.wav_dec_bss)
 *(.cvsd_bss)
 *(.aac_bss)
 *(.sbc_eng_bss)
 *(.bt_audioplc_bss)
 *(.lc3_decoder_bss)
 *(.wtgv2_bss)
 *(.wtgv2dec_bss)
 *(.anc_bss)
 *(.anc_core_bss)
 *(.anc_user_bss)
 *(.anc_box_bss)
 *(.anc_btspp_bss)
 *(.anc_debug_bss)
 *(.ape_dec_bss)
 *(.ape_bss)
 *(.alac_bss)
 *(.amr_dec_bss)
 *(.m4a_dec_bss)
 *(.m4a_bss)
 *(.audio_echo_reverb_bss)
 *(.echo_cal_bss)
 *(.platereverb_bss)
 *(.audio_howling_bss)
 *(.howlings_phf_bss)
 *(.notchhowling_bss)
 *(.audio_track_bss)
 *(.audio_cfifo_bss)
                0x00008dac                . = ALIGN (0x4)
 *(.os_bss)
 *(.volatile_ram)
 *(.btstack_pool)
                0x00008db0                . = ALIGN (0x8)
 *fill*         0x00008dac        0x4 
 *(.usb_ep0)
 *(.usb_msd_dma)
 *(.usb_config_var)
 *(.cdc_var)
 *(.audio_buf)
 *(.src_filt)
 *(.src_dma)
 *(.mem_heap)
 *(.memp_memory_x)
                0x00008db0                . = ALIGN (0x4)
 *(.non_volatile_ram)
 .non_volatile_ram
                0x00008db0      0x34c cpu\br36\tools\sdk.elf.o
                0x00009100                . = ALIGN (0x20)
 *fill*         0x000090fc        0x4 
                0x00009100                btstack_bss_start = .
 *(.bt_stack_bss)
 .bt_stack_bss  0x00009100      0xe6e cpu\br36\tools\sdk.elf.o
 *(.ble_db_bss)
 *(.ble_sm_bss)
 *(.ble_att_bss)
 *(.ble_gatt_bss)
 *(.btstack_pool)
                0x00009f6e                BTSTACK_LE_HOST_MESH_BSS_START = .
 *(.ble_mesh_bss)
 *(.ble_mesh_tinycrypt_bss)
                0x00000000                BTSTACK_LE_HOST_MESH_BSS_SIZE = ABSOLUTE ((. - BTSTACK_LE_HOST_MESH_BSS_START))
                0x00009f6e                btstack_bss_end = .
                0x00009f6e                update_bss_start = .
 *(.update_bss)
 *fill*         0x00009f6e        0x2 
 .update_bss    0x00009f70       0x24 cpu\br36\tools\sdk.elf.o
                0x00009f94                update_bss_end = .
                0x00009f94                driver_bss_start = .
                0x00009f94                CLOCK_BSS_START = .
 *(.clock_bss)
 .clock_bss     0x00009f94       0x45 cpu\br36\tools\sdk.elf.o
                0x00000045                CLOCK_BSS_SIZE = ABSOLUTE ((. - CLOCK_BSS_START))
 *(.debug_bss)
 *(.power_bss)
 *(.uart_bss)
 *(.sd_var)
                0x00009fd9                driver_bss_end = .
                0x00009fdc                . = ALIGN (0x4)
 *fill*         0x00009fd9        0x3 

.data_code      0x00009fe0       0x48
                0x00009fe0                data_code_pc_limit_begin = .
 *(.bank_critical_code)
 .bank_critical_code
                0x00009fe0       0x48 cpu\br36\tools\sdk.elf.o
                0x0000a028                . = ALIGN (0x4)

.common         0x0000a040     0x1c44
                0x0000a040                common_code_run_addr = .
 *(.common*)
 *(.math_fast_funtion_code)
 .math_fast_funtion_code
                0x0000a040       0x52 cpu\br36\tools\sdk.elf.o
 *(.flushinv_icache)
 *(.cache)
 .cache         0x0000a092        0x6 cpu\br36\tools\sdk.elf.o
 *(.volatile_ram_code)
 *fill*         0x0000a098        0x8 
 .volatile_ram_code
                0x0000a0a0     0x1500 cpu\br36\tools\sdk.elf.o
                0x0000ac86                spi_for_maskrom_init
                0x0000aca2                spi_port_sel
 .volatile_ram_code
                0x0000b5a0       0x96 cpu/br36/liba/cpu.a(startup.S.o)
                0x0000b5a0                __BT_UPDATA_JUMP
                0x0000b624                exception_irq_handler
 .volatile_ram_code
                0x0000b636       0x62 cpu/br36/liba/system.a(movable.S.o)
                0x0000b636                movable_swi_entry
 *(.os_critical_code)
 .os_critical_code
                0x0000b698      0x13a cpu\br36\tools\sdk.elf.o
                0x0000b698                jiffies_half_msec
                0x0000b6f0                jiffies_msec
                0x0000b7b6                pvPortSwitch
 .os_critical_code
                0x0000b7d2       0x82 cpu/br36/liba/system.a(port_asm_mmu.S.o)
                0x0000b7d2                vAppPortStartFirstTask
                0x0000b7fc                vAppSoftwareInterruptISR
                0x0000b83e                begin_of_data
                0x0000b83e                __tick_irq_handler
 *(.os_code)
 *(.os_str)
 *(.movable.stub.1)
 .movable.stub.1
                0x0000b854      0x150 cpu\br36\tools\sdk.elf.o
 *(*.text.cache.L1)
 .movable.text.cache.L1
                0x0000b9a4       0x86 cpu\br36\tools\sdk.elf.o
 .bt_classic.text.cache.L1
                0x0000ba2a      0x112 cpu\br36\tools\sdk.elf.o
 *(*.text.const.cache.L2)
 .bt_classic.text.const.cache.L2
                0x0000bb3c        0x8 cpu\br36\tools\sdk.elf.o
 .sbc_decoder.text.const.cache.L2
                0x0000bb44        0xc cpu\br36\tools\sdk.elf.o
                0x0000bb50                . = ALIGN (0x4)
                0x0000bb50                tws_sync_channel_begin = .
 *(.tws.text.cache.L1.sync_channel0)
 *(.tws.text.cache.L1.sync_channel1)
 .tws.text.cache.L1.sync_channel1
                0x0000bb50       0x1c cpu\br36\tools\sdk.elf.o
                0x0000bb50                tws_link_sync
 *(.tws.text.cache.L1.sync_channel2)
 .tws.text.cache.L1.sync_channel2
                0x0000bb6c       0x1c cpu\br36\tools\sdk.elf.o
                0x0000bb6c                tws_conn_sync
 *(.tws.text.cache.L1.sync_channel3)
 .tws.text.cache.L1.sync_channel3
                0x0000bb88       0x1c cpu\br36\tools\sdk.elf.o
                0x0000bb88                tws_afh_sync
 *(.tws.text.cache.L1.sync_channel4)
 *(.tws.text.cache.L1.sync_channel5)
 *(.tws.text.cache.L1.sync_channel6)
 .tws.text.cache.L1.sync_channel6
                0x0000bba4       0x1c cpu\br36\tools\sdk.elf.o
                0x0000bba4                tws_acl_data_sync
 *(.tws.text.cache.L1.sync_channel7)
 .tws.text.cache.L1.sync_channel7
                0x0000bbc0       0x1c cpu\br36\tools\sdk.elf.o
                0x0000bbc0                tws_media_sync
 *(.tws.text.cache.L1.sync_channel8)
 .tws.text.cache.L1.sync_channel8
                0x0000bbdc       0x1c cpu\br36\tools\sdk.elf.o
                0x0000bbdc                tws_event_sync
 *(.tws.text.cache.L1.sync_channel9)
 .tws.text.cache.L1.sync_channel9
                0x0000bbf8       0x1c cpu\br36\tools\sdk.elf.o
                0x0000bbf8                tws_sync_call
 *(.tws.text.cache.L1.sync_channel10)
 .tws.text.cache.L1.sync_channel10
                0x0000bc14       0x1c cpu\br36\tools\sdk.elf.o
                0x0000bc14                tws_power_balance
 *(.tws.text.cache.L1.sync_channel11)
 .tws.text.cache.L1.sync_channel11
                0x0000bc30       0x1c cpu\br36\tools\sdk.elf.o
                0x0000bc30                tws_ci_data
 *(.tws.text.cache.L1.sync_channel12)
 .tws.text.cache.L1.sync_channel12
                0x0000bc4c       0x1c cpu\br36\tools\sdk.elf.o
                0x0000bc4c                tws_local_media_sync
 *(.tws.text.cache.L1.sync_channel13)
 .tws.text.cache.L1.sync_channel13
                0x0000bc68       0x1c cpu\br36\tools\sdk.elf.o
                0x0000bc68                tws_lmp_slot_sync
                0x0000bc84                tws_sync_channel_end = .
                0x0000bc84                . = ALIGN (0x4)
                0x0000bc84                _SPI_CODE_START = .
 *(.spi_code)
                0x0000bc84                . = ALIGN (0x4)
                0x0000bc84                _SPI_CODE_END = .
 *(.fat_data_code)
                0x0000bc84                . = ALIGN (0x4)
                0x0000bc84                __report_overlay_begin = .
                0x0000bc84                overlay_code_begin = .

.overlay_aec    0x0000bc84     0x3e62 load address 0x00200000
                0x0000bc84                . = ALIGN (0x4)
                0x0000bc84                aec_code_begin = .
 *(.text._*)
 .text._ZN3FFTI9floatReal12floatComplexEC2Eii
                0x0000bc84       0x2c cpu\br36\tools\sdk.elf.o
 .text._Z15VectorMulScalarRK6VectorI9floatRealERK6ScalarIS0_ERS1_
                0x0000bcb0        0x6 cpu\br36\tools\sdk.elf.o
 *fill*         0x0000bcb6        0x2 
 .text._ZNK6MatrixI12floatComplexEclEiiii
                0x0000bcb8       0x3a cpu\br36\tools\sdk.elf.o
 *fill*         0x0000bcf2        0x2 
 .text._ZN13Shadow_BFNLMSI9floatReal12floatComplex11fixHalfRealEC2EPS0_iiR3FFTIS0_S1_ERK6ScalarIS0_ESB_iSB_SB_
                0x0000bcf4      0x1ac cpu\br36\tools\sdk.elf.o
 .text._ZN19SubbandNLMS_partialI9floatReal12floatComplexE15QueryBufferSizeEii
                0x0000bea0       0x10 cpu\br36\tools\sdk.elf.o
 .text._ZN20IMCRA_NoiseEstimatorI9floatRealE15QueryBufferSizeEi
                0x0000beb0        0xa cpu\br36\tools\sdk.elf.o
 *fill*         0x0000beba        0x2 
 .text._ZN34SingleChannelNoiseSuppressorInBarkI9floatReal12floatComplexE19QueryTempBufferSizeEii
                0x0000bebc        0xe cpu\br36\tools\sdk.elf.o
 *fill*         0x0000beca        0x2 
 .text._ZN24WOLA_FilterBank_AnalyserI9floatReal12floatComplex11fixHalfRealEC2EPS0_iiiRK6VectorIS0_ER3FFTIS0_S1_E
                0x0000becc       0x5e cpu\br36\tools\sdk.elf.o
 *fill*         0x0000bf2a        0x2 
 .text._ZN19VectorCircularArrayI9floatRealEC2Ev
                0x0000bf2c        0xa cpu\br36\tools\sdk.elf.o
 *fill*         0x0000bf36        0x2 
 .text._ZN27WOLA_FilterBank_SynthesizerI9floatReal12floatComplex11fixHalfRealEC2EPS0_iiiRK6VectorIS0_ER3FFTIS0_S1_E
                0x0000bf38       0x8a cpu\br36\tools\sdk.elf.o
 *fill*         0x0000bfc2        0x2 
 .text._Z22VectorTernaryOperationRKPFvRK6ScalarI9floatRealES3_RS1_ERK6VectorIS0_ESC_RSA_
                0x0000bfc4       0x76 cpu\br36\tools\sdk.elf.o
 *fill*         0x0000c03a        0x2 
 .text._Z10VectorCopyRK6VectorI9floatRealERS1_
                0x0000c03c        0x4 cpu\br36\tools\sdk.elf.o
 .text._ZN19SubbandNLMS_partialI9floatReal12floatComplexEC2EPS0_iiRK6VectorIS0_ES7_
                0x0000c040      0x104 cpu\br36\tools\sdk.elf.o
 .text._ZN19CoherenceCalculatorI9floatReal12floatComplexEC2EPS0_ffi
                0x0000c144       0x5a cpu\br36\tools\sdk.elf.o
 *fill*         0x0000c19e        0x2 
 .text._Z9VectorSetRK6ScalarI9floatRealER6VectorIS0_E
                0x0000c1a0        0x4 cpu\br36\tools\sdk.elf.o
 .text._ZN13dynamicVectorI9floatRealS0_EC2ER9AllocatorIS0_Eii
                0x0000c1a4       0x28 cpu\br36\tools\sdk.elf.o
 .text._ZN13dynamicVectorI12floatComplex9floatRealEC2ER9AllocatorIS1_Eii
                0x0000c1cc       0x2c cpu\br36\tools\sdk.elf.o
 .text._Z16VectorAccessRealRK6VectorI12floatComplexERS_I9floatRealE
                0x0000c1f8       0x18 cpu\br36\tools\sdk.elf.o
 .text._Z21VectorBinaryOperationRKPFvRK6ScalarI9floatRealERS_I12floatComplexEERK6VectorIS0_ERSB_IS4_E
                0x0000c210       0x64 cpu\br36\tools\sdk.elf.o
 .text._Z11VectorMinusRK6VectorI9floatRealES3_RS1_
                0x0000c274        0x4 cpu\br36\tools\sdk.elf.o
 .text._Z12VectorGetMagRK6VectorI12floatComplexERS_I9floatRealE
                0x0000c278        0x4 cpu\br36\tools\sdk.elf.o
 .text._Z12VectorDivideRK6VectorI12floatComplexERKS_I9floatRealERS1_RK6ScalarIS4_E
                0x0000c27c        0x6 cpu\br36\tools\sdk.elf.o
 *fill*         0x0000c282        0x2 
 .text._Z20VectorElementwiseMulRK6VectorI12floatComplexES3_RS1_
                0x0000c284       0x44 cpu\br36\tools\sdk.elf.o
 .text._ZNK6VectorI12floatComplexEclERK10Vectorzone
                0x0000c2c8       0x36 cpu\br36\tools\sdk.elf.o
 *fill*         0x0000c2fe        0x2 
 .text._Z15VectorMulScalarRK6VectorI12floatComplexERK6ScalarI9floatRealERS1_
                0x0000c300        0x6 cpu\br36\tools\sdk.elf.o
 *fill*         0x0000c306        0x2 
 .text._Z9VectorSetRK6ScalarI9floatRealER6VectorI12floatComplexE
                0x0000c308        0x6 cpu\br36\tools\sdk.elf.o
 *fill*         0x0000c30e        0x2 
 .text._Z10VectorConjRK6VectorI12floatComplexERS1_
                0x0000c310       0x32 cpu\br36\tools\sdk.elf.o
 *fill*         0x0000c342        0x2 
 .text._ZN13dynamicVectorI12floatComplex9floatRealED2Ev
                0x0000c344       0x1c cpu\br36\tools\sdk.elf.o
 .text._ZN20IMCRA_NoiseEstimatorI9floatRealEC2EPS0_iiffffffff
                0x0000c360      0x168 cpu\br36\tools\sdk.elf.o
 .text._Z16VectorMeanSquareRK6VectorI11fixHalfRealER6ScalarI9floatRealE
                0x0000c4c8        0x4 cpu\br36\tools\sdk.elf.o
 .text._ZN11VectorArrayI11fixHalfRealEC2ERK6VectorIS0_Ei
                0x0000c4cc       0x2e cpu\br36\tools\sdk.elf.o
 *fill*         0x0000c4fa        0x2 
 .text._ZNK6VectorI9floatRealEclEiii
                0x0000c4fc       0x3c cpu\br36\tools\sdk.elf.o
 .text._Z10MatrixCopyRK6MatrixI12floatComplexERS1_
                0x0000c538        0x4 cpu\br36\tools\sdk.elf.o
 .text._Z23MatrixEwMulAndSumOneDimRK6MatrixI12floatComplexES3_R6VectorIS0_Ei
                0x0000c53c        0x4 cpu\br36\tools\sdk.elf.o
 .text._Z11VectorMinusRK6VectorI11fixHalfRealERKS_I9floatRealERS5_
                0x0000c540        0x4 cpu\br36\tools\sdk.elf.o
 .text._Z16VectorMeanSquareRK6VectorI9floatRealER6ScalarIS0_E
                0x0000c544        0x4 cpu\br36\tools\sdk.elf.o
 .text._Z9log10AprxI9floatRealEvRK6ScalarIT_ERS3_
                0x0000c548       0x1e cpu\br36\tools\sdk.elf.o
 *fill*         0x0000c566        0x2 
 .text._Z6mag2dbI9floatRealEvRK6ScalarIT_ERS3_
                0x0000c568       0x1c cpu\br36\tools\sdk.elf.o
 .text._ZN13Shadow_BFNLMSI9floatReal12floatComplex11fixHalfRealE18UpdateShadowWeightERK6VectorIS2_ES7_RKS4_IS0_ESA_
                0x0000c584      0x108 cpu\br36\tools\sdk.elf.o
 .text._Z10VectorCopyRK6VectorI9floatRealERS_I11fixHalfRealE
                0x0000c68c        0x4 cpu\br36\tools\sdk.elf.o
 .text._Z25VectorMagRecursiveAverageRK6VectorI12floatComplexERS_I9floatRealERK6ScalarIS4_E
                0x0000c690        0x6 cpu\br36\tools\sdk.elf.o
 *fill*         0x0000c696        0x2 
 .text._Z18MatrixAccessColumnRK6MatrixI12floatComplexER6VectorIS0_Ei
                0x0000c698       0x20 cpu\br36\tools\sdk.elf.o
 .text._Z24VectorConjElementwiseMulRK6VectorI12floatComplexES3_RS1_
                0x0000c6b8        0x4 cpu\br36\tools\sdk.elf.o
 .text._Z10VectorPlusRK6VectorI9floatRealES3_RS1_
                0x0000c6bc        0x4 cpu\br36\tools\sdk.elf.o
 .text._Z10VectorPlusRK6VectorI12floatComplexES3_RS1_
                0x0000c6c0        0x4 cpu\br36\tools\sdk.elf.o
 .text._ZN13Shadow_BFNLMSI9floatReal12floatComplex11fixHalfRealE6filterER6VectorIS2_ES6_S6_P9AllocatorIS0_E
                0x0000c6c4      0x3c2 cpu\br36\tools\sdk.elf.o
 *fill*         0x0000ca86        0x2 
 .text._ZN6VectorI11fixHalfRealEC2EPS0_iii
                0x0000ca88       0x10 cpu\br36\tools\sdk.elf.o
 .text._ZNK6VectorI9floatRealEclERK10Vectorzone
                0x0000ca98       0x36 cpu\br36\tools\sdk.elf.o
 *fill*         0x0000cace        0x2 
 .text._ZN24WOLA_FilterBank_AnalyserI9floatReal12floatComplex11fixHalfRealE7AnalyseERK6VectorIS2_ERS4_IS1_ER9AllocatorIS0_E
                0x0000cad0      0x120 cpu\br36\tools\sdk.elf.o
 .text._Z9VectorMaxRK6ScalarI9floatRealER6VectorIS0_E
                0x0000cbf0        0x6 cpu\br36\tools\sdk.elf.o
 *fill*         0x0000cbf6        0x2 
 .text._Z22VectorRecursiveAverageRK6VectorI9floatRealERS1_RK6ScalarIS0_E
                0x0000cbf8        0x6 cpu\br36\tools\sdk.elf.o
 *fill*         0x0000cbfe        0x2 
 .text._Z20VectorElementwiseMulRK6VectorI9floatRealES3_RS1_
                0x0000cc00        0x4 cpu\br36\tools\sdk.elf.o
 .text._Z9VectorMinRK6ScalarI9floatRealER6VectorIS0_E
                0x0000cc04        0x6 cpu\br36\tools\sdk.elf.o
 *fill*         0x0000cc0a        0x2 
 .text._ZN19CoherenceCalculatorI9floatReal12floatComplexE9CalculateERK6VectorIS1_ES6_RS3_IS0_ER9AllocatorIS0_ERK6ScalarIS0_E
                0x0000cc0c       0x80 cpu\br36\tools\sdk.elf.o
 .text._Z15VectorCompareBTRK6VectorI9floatRealES3_RS_IiE
                0x0000cc8c        0x4 cpu\br36\tools\sdk.elf.o
 .text._Z16VectorMeanSquareRK6VectorI12floatComplexER6ScalarI9floatRealE
                0x0000cc90        0x4 cpu\br36\tools\sdk.elf.o
 .text._Z10VectorCopyRK6VectorI12floatComplexERS1_
                0x0000cc94        0x4 cpu\br36\tools\sdk.elf.o
 .text._Z20VectorElementwiseMlaRK6VectorI12floatComplexES3_RS1_
                0x0000cc98        0x4 cpu\br36\tools\sdk.elf.o
 .text._Z20VectorElementwiseMulRK6VectorI12floatComplexERKS_I9floatRealERS1_
                0x0000cc9c        0x4 cpu\br36\tools\sdk.elf.o
 .text._ZN19SubbandNLMS_partialI9floatReal12floatComplexE7ProcessERK6VectorIS1_ES6_RS4_R9AllocatorIS0_E
                0x0000cca0      0x14c cpu\br36\tools\sdk.elf.o
 .text._Z12VectorDivideRK6VectorI9floatRealES3_RS1_RK6ScalarIS0_E
                0x0000cdec        0x6 cpu\br36\tools\sdk.elf.o
 *fill*         0x0000cdf2        0x2 
 .text._Z10VectorMeanRK6VectorI9floatRealER6ScalarIS0_E
                0x0000cdf4        0x4 cpu\br36\tools\sdk.elf.o
 .text._Z17VectorMinusScalarRK6VectorI9floatRealERK6ScalarIS0_ERS1_
                0x0000cdf8        0x6 cpu\br36\tools\sdk.elf.o
 *fill*         0x0000cdfe        0x2 
 .text._Z16VectorPlusScalarRK6VectorI9floatRealERK6ScalarIS0_ERS1_
                0x0000ce00        0x6 cpu\br36\tools\sdk.elf.o
 *fill*         0x0000ce06        0x2 
 .text._Z21VectorConditionalCopyRK6VectorI9floatRealERKS_IiERS1_
                0x0000ce08        0x4 cpu\br36\tools\sdk.elf.o
 .text._Z22VectorElementwiseShiftRK6VectorI9floatRealERS1_i
                0x0000ce0c        0x4 cpu\br36\tools\sdk.elf.o
 .text._Z9VectorMinRK6VectorI9floatRealES3_RS1_
                0x0000ce10        0x4 cpu\br36\tools\sdk.elf.o
 .text._Z19VectorElementwiseOrRK6VectorIiES2_RS0_
                0x0000ce14       0x30 cpu\br36\tools\sdk.elf.o
 .text._ZN20IMCRA_NoiseEstimatorI9floatRealE8EstimateERK6VectorIS0_ERS3_R9AllocatorIS0_E
                0x0000ce44      0x306 cpu\br36\tools\sdk.elf.o
 *fill*         0x0000d14a        0x2 
 .text._ZN19VectorCircularArrayI9floatRealEppEi
                0x0000d14c       0x14 cpu\br36\tools\sdk.elf.o
 .text._ZN19VectorCircularArrayI9floatRealEmmEi
                0x0000d160       0x1e cpu\br36\tools\sdk.elf.o
 *fill*         0x0000d17e        0x2 
 .text._ZN27WOLA_FilterBank_SynthesizerI9floatReal12floatComplex11fixHalfRealE10SynthesizeERK6VectorIS1_ERS4_IS2_ER9AllocatorIS0_E
                0x0000d180      0x104 cpu\br36\tools\sdk.elf.o
 .text._Z7expAprxI9floatRealEvRK6ScalarIT_ERS3_
                0x0000d284       0x1a cpu\br36\tools\sdk.elf.o
 *fill*         0x0000d29e        0x2 
 .text._ZN15StaticAllocatorI9floatRealE5allocEj
                0x0000d2a0        0xc cpu\br36\tools\sdk.elf.o
 .text._ZN15StaticAllocatorI9floatRealE4freeEPS0_j
                0x0000d2ac        0x8 cpu\br36\tools\sdk.elf.o
 .text._Z8magnAprxI12floatComplex9floatRealEvRK6ScalarIT_ERS2_IT0_E
                0x0000d2b4        0x4 cpu\br36\tools\sdk.elf.o
 .text._Z7powAprxI9floatRealEvRK6ScalarIT_ES5_RS3_
                0x0000d2b8       0x3c cpu\br36\tools\sdk.elf.o
 .text._Z8cexpAprxI9floatReal12floatComplexEvRK6ScalarIT_ERS2_IT0_E
                0x0000d2f4       0x10 cpu\br36\tools\sdk.elf.o
 .text._Z12logisticAprxI9floatRealEvRK6ScalarIT_ERS3_
                0x0000d304       0x24 cpu\br36\tools\sdk.elf.o
 *(.nlp_code)
 *(.nlp_const)
 *(.jlsp_nlp_code)
 *(.jlsp_nlp_const)
 *(.aec_code)
 .aec_code      0x0000d328      0xc4e cpu\br36\tools\sdk.elf.o
 *(.aec_const)
 *(.jlsp_aec_code)
 *(.jlsp_aec_const)
 *(.res_code)
 *(.res_const)
                0x0000df78                . = ALIGN (0x4)
 *fill*         0x0000df76        0x2 
 *(.dns_common_data)
 *(.dns_param_data_single)
 *(.dns_param_data_dual)
 *(.ns_code)
 *(.ns_const)
 *(.fft_code)
 .fft_code      0x0000df78      0x14c cpu\br36\tools\sdk.elf.o
 *(.fft_const)
 *(.der_code)
 *(.der_const)
 *(.qmf_code)
 *(.qmf_const)
 *(.jlsp_prep_code)
 *(.jlsp_prep_const)
 *(.dms_code)
 .dms_code      0x0000e0c4      0xe78 cpu\br36\tools\sdk.elf.o
 *(.dms_const)
 *(.jlsp_enc_code)
 *(.jlsp_enc_const)
 *(.jlsp_wn_code)
 *(.jlsp_wn_const)
 *(.agc_code)
 .agc_code      0x0000ef3c      0x286 cpu\br36\tools\sdk.elf.o
 *(.opcore_maskrom)
 *fill*         0x0000f1c2        0x2 
 .opcore_maskrom
                0x0000f1c4      0x922 cpu\br36\tools\sdk.elf.o
 *(.cvp_dev_overlay_mem)
                0x0000fae6                aec_code_end = .
                0x00000000                aec_code_size = (aec_code_end - aec_code_begin)
                [!provide]                PROVIDE (__load_start_overlay_aec, LOADADDR (.overlay_aec))
                [!provide]                PROVIDE (__load_stop_overlay_aec, (LOADADDR (.overlay_aec) + SIZEOF (.overlay_aec)))

.overlay_aac    0x0000bc84     0x89d4 load address 0x00203e62
                0x00014658                . = ALIGN (0x4)
                0x00014658                aac_dec_code_begin = .
 *(.bt_aac_dec_code)
 .bt_aac_dec_code
                0x0000bc84     0x2cfc cpu\br36\tools\sdk.elf.o
 *(.bt_aac_dec_sparse_code)
                0x00014658                aac_dec_code_end = .
                0x00002cfc                aac_dec_code_size = (aac_dec_code_end - aac_dec_code_begin)
                0x00014658                . = ALIGN (0x4)
                0x00014658                bt_aac_dec_const_begin = .
 *(.bt_aac_dec_const)
 .bt_aac_dec_const
                0x0000e980       0x44 cpu\br36\tools\sdk.elf.o
 *(.bt_aac_dec_sparse_const)
                0x00014658                . = ALIGN (0x4)
                0x00014658                bt_aac_dec_const_end = .
                0x00000044                bt_aac_dec_const_size = (bt_aac_dec_const_end - bt_aac_dec_const_begin)
 *(.bt_aac_dec_data)
                0x0000e9c4        0x4 LONG 0xffffffff
                0x0000e9c8                . = ALIGN (0x4)
 *(.bt_aac_dec_bss)
                0x0000e9c8                . = ALIGN (0x4)
 *(.aac_mem)
 .aac_mem       0x0000e9c8     0x5c38 cpu\br36\tools\sdk.elf.o
 *(.aac_ctrl_mem)
 .aac_ctrl_mem  0x00014600       0x58 cpu\br36\tools\sdk.elf.o
                [!provide]                PROVIDE (__load_start_overlay_aac, LOADADDR (.overlay_aac))
                [!provide]                PROVIDE (__load_stop_overlay_aac, (LOADADDR (.overlay_aac) + SIZEOF (.overlay_aac)))

.ram0_empty0    0x00014658        0x4 load address 0x0020c836
                0x0001465c                . = (. + 0x4)
 *fill*         0x00014658        0x4 

.overlay_aec_ram
                0x0001465c        0x0 load address 0x00210000
                0x0001465c                . = ALIGN (0x4)
 *(.msbc_enc)
 *(.cvsd_codec)
 *(.aec_bss)
 *(.res_bss)
 *(.ns_bss)
 *(.nlp_bss)
 *(.der_bss)
 *(.qmf_bss)
 *(.fft_bss)
 *(.aec_mem)
 *(.dms_bss)
 *(.jlsp_aec_bss)
 *(.jlsp_nlp_bss)
 *(.jlsp_dns_bss)
 *(.jlsp_enc_bss)
 *(.jlsp_prep_bss)
 *(.jlsp_wn_bss)
                [!provide]                PROVIDE (__load_start_overlay_aec_ram, LOADADDR (.overlay_aec_ram))
                [!provide]                PROVIDE (__load_stop_overlay_aec_ram, (LOADADDR (.overlay_aec_ram) + SIZEOF (.overlay_aec_ram)))

.overlay_mp3    0x0001465c        0x0 load address 0x00210000
 *(.mp3_mem)
 *(.mp3_ctrl_mem)
 *(.mp3pick_mem)
 *(.mp3pick_ctrl_mem)
 *(.dec2tws_mem)
                [!provide]                PROVIDE (__load_start_overlay_mp3, LOADADDR (.overlay_mp3))
                [!provide]                PROVIDE (__load_stop_overlay_mp3, (LOADADDR (.overlay_mp3) + SIZEOF (.overlay_mp3)))

.overlay_wav    0x0001465c        0x0 load address 0x00210000
 *(.wav_mem)
 *(.wav_ctrl_mem)
                [!provide]                PROVIDE (__load_start_overlay_wav, LOADADDR (.overlay_wav))
                [!provide]                PROVIDE (__load_stop_overlay_wav, (LOADADDR (.overlay_wav) + SIZEOF (.overlay_wav)))

.overlay_wma    0x0001465c        0x0 load address 0x00210000
 *(.wma_mem)
 *(.wma_ctrl_mem)
 *(.wmapick_mem)
 *(.wmapick_ctrl_mem)
                [!provide]                PROVIDE (__load_start_overlay_wma, LOADADDR (.overlay_wma))
                [!provide]                PROVIDE (__load_stop_overlay_wma, (LOADADDR (.overlay_wma) + SIZEOF (.overlay_wma)))

.overlay_ape    0x0001465c        0x0 load address 0x00210000
 *(.ape_mem)
 *(.ape_ctrl_mem)
                [!provide]                PROVIDE (__load_start_overlay_ape, LOADADDR (.overlay_ape))
                [!provide]                PROVIDE (__load_stop_overlay_ape, (LOADADDR (.overlay_ape) + SIZEOF (.overlay_ape)))

.overlay_flac   0x0001465c        0x0 load address 0x00210000
 *(.flac_mem)
 *(.flac_ctrl_mem)
                [!provide]                PROVIDE (__load_start_overlay_flac, LOADADDR (.overlay_flac))
                [!provide]                PROVIDE (__load_stop_overlay_flac, (LOADADDR (.overlay_flac) + SIZEOF (.overlay_flac)))

.overlay_m4a    0x0001465c        0x0 load address 0x00210000
 *(.m4a_mem)
 *(.m4a_ctrl_mem)
 *(.m4apick_mem)
 *(.m4apick_ctrl_mem)
                [!provide]                PROVIDE (__load_start_overlay_m4a, LOADADDR (.overlay_m4a))
                [!provide]                PROVIDE (__load_stop_overlay_m4a, (LOADADDR (.overlay_m4a) + SIZEOF (.overlay_m4a)))

.overlay_amr    0x0001465c        0x0 load address 0x00210000
 *(.amr_mem)
 *(.amr_ctrl_mem)
                [!provide]                PROVIDE (__load_start_overlay_amr, LOADADDR (.overlay_amr))
                [!provide]                PROVIDE (__load_stop_overlay_amr, (LOADADDR (.overlay_amr) + SIZEOF (.overlay_amr)))

.overlay_alac   0x0001465c        0x0 load address 0x00210000
 *(.alac_ctrl_mem)
                [!provide]                PROVIDE (__load_start_overlay_alac, LOADADDR (.overlay_alac))
                [!provide]                PROVIDE (__load_stop_overlay_alac, (LOADADDR (.overlay_alac) + SIZEOF (.overlay_alac)))

.overlay_dts    0x0001465c        0x0 load address 0x00210000
 *(.dts_mem)
 *(.dts_ctrl_mem)
                [!provide]                PROVIDE (__load_start_overlay_dts, LOADADDR (.overlay_dts))
                [!provide]                PROVIDE (__load_stop_overlay_dts, (LOADADDR (.overlay_dts) + SIZEOF (.overlay_dts)))

.overlay_fm     0x0001465c        0x0 load address 0x00210000
 *(.fm_mem)
                [!provide]                PROVIDE (__load_start_overlay_fm, LOADADDR (.overlay_fm))
                [!provide]                PROVIDE (__load_stop_overlay_fm, (LOADADDR (.overlay_fm) + SIZEOF (.overlay_fm)))

.overlay_pc     0x0001465c        0x0 load address 0x00210000
                [!provide]                PROVIDE (__load_start_overlay_pc, LOADADDR (.overlay_pc))
                [!provide]                PROVIDE (__load_stop_overlay_pc, (LOADADDR (.overlay_pc) + SIZEOF (.overlay_pc)))
                0x0001465c                bank_code_run_addr = .

.overlay_bank0  0x0001465c        0x0 load address 0x00300000
 *(.bank.code.0*)
 *(.bank.const.0*)
                0x0001465c                . = ALIGN (0x4)
                [!provide]                PROVIDE (__load_start_overlay_bank0, LOADADDR (.overlay_bank0))
                [!provide]                PROVIDE (__load_stop_overlay_bank0, (LOADADDR (.overlay_bank0) + SIZEOF (.overlay_bank0)))

.overlay_bank1  0x0001465c        0x0 load address 0x00300000
 *(.bank.code.1*)
 *(.bank.const.1*)
                0x0001465c                . = ALIGN (0x4)
                [!provide]                PROVIDE (__load_start_overlay_bank1, LOADADDR (.overlay_bank1))
                [!provide]                PROVIDE (__load_stop_overlay_bank1, (LOADADDR (.overlay_bank1) + SIZEOF (.overlay_bank1)))

.overlay_bank2  0x0001465c        0x0 load address 0x00300000
 *(.bank.code.2*)
 *(.bank.const.2*)
 *(.bank.ecdh.*)
                0x0001465c                . = ALIGN (0x4)
                [!provide]                PROVIDE (__load_start_overlay_bank2, LOADADDR (.overlay_bank2))
                [!provide]                PROVIDE (__load_stop_overlay_bank2, (LOADADDR (.overlay_bank2) + SIZEOF (.overlay_bank2)))

.overlay_bank3  0x0001465c        0x0 load address 0x00300000
 *(.bank.code.3*)
 *(.bank.const.3*)
 *(.bank.enc.*)
                0x0001465c                . = ALIGN (0x4)
                [!provide]                PROVIDE (__load_start_overlay_bank3, LOADADDR (.overlay_bank3))
                [!provide]                PROVIDE (__load_stop_overlay_bank3, (LOADADDR (.overlay_bank3) + SIZEOF (.overlay_bank3)))

.overlay_bank4  0x0001465c        0x0 load address 0x00300000
 *(.bank.code.4*)
 *(.bank.const.4*)
                0x0001465c                . = ALIGN (0x4)
                [!provide]                PROVIDE (__load_start_overlay_bank4, LOADADDR (.overlay_bank4))
                [!provide]                PROVIDE (__load_stop_overlay_bank4, (LOADADDR (.overlay_bank4) + SIZEOF (.overlay_bank4)))

.overlay_bank5  0x0001465c        0x0 load address 0x00300000
 *(.bank.code.5*)
 *(.bank.const.5*)
                0x0001465c                . = ALIGN (0x4)
                [!provide]                PROVIDE (__load_start_overlay_bank5, LOADADDR (.overlay_bank5))
                [!provide]                PROVIDE (__load_stop_overlay_bank5, (LOADADDR (.overlay_bank5) + SIZEOF (.overlay_bank5)))

.overlay_bank6  0x0001465c        0x0 load address 0x00300000
 *(.bank.code.6*)
 *(.bank.const.6*)
                0x0001465c                . = ALIGN (0x4)
                [!provide]                PROVIDE (__load_start_overlay_bank6, LOADADDR (.overlay_bank6))
                [!provide]                PROVIDE (__load_stop_overlay_bank6, (LOADADDR (.overlay_bank6) + SIZEOF (.overlay_bank6)))

.overlay_bank7  0x0001465c        0x0 load address 0x00300000
 *(.bank.code.7*)
 *(.bank.const.7*)
                0x0001465c                . = ALIGN (0x4)
                [!provide]                PROVIDE (__load_start_overlay_bank7, LOADADDR (.overlay_bank7))
                [!provide]                PROVIDE (__load_stop_overlay_bank7, (LOADADDR (.overlay_bank7) + SIZEOF (.overlay_bank7)))

.overlay_bank8  0x0001465c        0x0 load address 0x00300000
 *(.bank.code.8*)
 *(.bank.const.8*)
                0x0001465c                . = ALIGN (0x4)
                [!provide]                PROVIDE (__load_start_overlay_bank8, LOADADDR (.overlay_bank8))
                [!provide]                PROVIDE (__load_stop_overlay_bank8, (LOADADDR (.overlay_bank8) + SIZEOF (.overlay_bank8)))

.overlay_bank9  0x0001465c        0x0 load address 0x00300000
 *(.bank.code.9*)
 *(.bank.const.9*)
                0x0001465c                . = ALIGN (0x4)
                [!provide]                PROVIDE (__load_start_overlay_bank9, LOADADDR (.overlay_bank9))
                [!provide]                PROVIDE (__load_stop_overlay_bank9, (LOADADDR (.overlay_bank9) + SIZEOF (.overlay_bank9)))
                0x0001465c                data_code_pc_limit_end = .
                0x0001465c                __report_overlay_end = .
                0x0001465c                _HEAP_BEGIN = .
                0x0002bb60                _HEAP_END = RAM0_END
                0x01e00100                . = ORIGIN (code0)

.text           0x01e00100    0x6f780
                [!provide]                PROVIDE (text_rodata_begin, .)
 *(.entry_text)
 *(.startup.text)
 .startup.text  0x01e00100       0x7e cpu/br36/liba/cpu.a(startup.S.o)
                0x01e00100                _start
 *(.text)
 .text          0x01e0017e     0xfea0 cpu\br36\tools\sdk.elf.o
                0x01e02ed2                update_result_get
                0x01e030a2                __errno